Archive member included to satisfy reference by file (symbol)

c:/st/stm32cubeide_1.7.0/stm32cubeide/plugins/com.st.stm32cube.ide.mcu.externaltools.gnu-tools-for-stm32.9-2020-q2-update.win32_2.0.0.202105311346/tools/bin/../lib/gcc/arm-none-eabi/9.3.1/../../../../arm-none-eabi/lib/thumb/v7e-m+fp/hard\libc_nano.a(lib_a-calloc.o)
                              ./Core/Src/my_lcd.o (calloc)
c:/st/stm32cubeide_1.7.0/stm32cubeide/plugins/com.st.stm32cube.ide.mcu.externaltools.gnu-tools-for-stm32.9-2020-q2-update.win32_2.0.0.202105311346/tools/bin/../lib/gcc/arm-none-eabi/9.3.1/../../../../arm-none-eabi/lib/thumb/v7e-m+fp/hard\libc_nano.a(lib_a-errno.o)
                              ./Core/Src/syscalls.o (__errno)
c:/st/stm32cubeide_1.7.0/stm32cubeide/plugins/com.st.stm32cube.ide.mcu.externaltools.gnu-tools-for-stm32.9-2020-q2-update.win32_2.0.0.202105311346/tools/bin/../lib/gcc/arm-none-eabi/9.3.1/../../../../arm-none-eabi/lib/thumb/v7e-m+fp/hard\libc_nano.a(lib_a-exit.o)
                              c:/st/stm32cubeide_1.7.0/stm32cubeide/plugins/com.st.stm32cube.ide.mcu.externaltools.gnu-tools-for-stm32.9-2020-q2-update.win32_2.0.0.202105311346/tools/bin/../lib/gcc/arm-none-eabi/9.3.1/../../../../arm-none-eabi/lib/thumb/v7e-m+fp/hard/crt0.o (exit)
c:/st/stm32cubeide_1.7.0/stm32cubeide/plugins/com.st.stm32cube.ide.mcu.externaltools.gnu-tools-for-stm32.9-2020-q2-update.win32_2.0.0.202105311346/tools/bin/../lib/gcc/arm-none-eabi/9.3.1/../../../../arm-none-eabi/lib/thumb/v7e-m+fp/hard\libc_nano.a(lib_a-impure.o)
                              c:/st/stm32cubeide_1.7.0/stm32cubeide/plugins/com.st.stm32cube.ide.mcu.externaltools.gnu-tools-for-stm32.9-2020-q2-update.win32_2.0.0.202105311346/tools/bin/../lib/gcc/arm-none-eabi/9.3.1/../../../../arm-none-eabi/lib/thumb/v7e-m+fp/hard\libc_nano.a(lib_a-exit.o) (_global_impure_ptr)
c:/st/stm32cubeide_1.7.0/stm32cubeide/plugins/com.st.stm32cube.ide.mcu.externaltools.gnu-tools-for-stm32.9-2020-q2-update.win32_2.0.0.202105311346/tools/bin/../lib/gcc/arm-none-eabi/9.3.1/../../../../arm-none-eabi/lib/thumb/v7e-m+fp/hard\libc_nano.a(lib_a-init.o)
                              c:/st/stm32cubeide_1.7.0/stm32cubeide/plugins/com.st.stm32cube.ide.mcu.externaltools.gnu-tools-for-stm32.9-2020-q2-update.win32_2.0.0.202105311346/tools/bin/../lib/gcc/arm-none-eabi/9.3.1/../../../../arm-none-eabi/lib/thumb/v7e-m+fp/hard/crt0.o (__libc_init_array)
c:/st/stm32cubeide_1.7.0/stm32cubeide/plugins/com.st.stm32cube.ide.mcu.externaltools.gnu-tools-for-stm32.9-2020-q2-update.win32_2.0.0.202105311346/tools/bin/../lib/gcc/arm-none-eabi/9.3.1/../../../../arm-none-eabi/lib/thumb/v7e-m+fp/hard\libc_nano.a(lib_a-malloc.o)
                              ./Core/Src/my_lcd.o (free)
c:/st/stm32cubeide_1.7.0/stm32cubeide/plugins/com.st.stm32cube.ide.mcu.externaltools.gnu-tools-for-stm32.9-2020-q2-update.win32_2.0.0.202105311346/tools/bin/../lib/gcc/arm-none-eabi/9.3.1/../../../../arm-none-eabi/lib/thumb/v7e-m+fp/hard\libc_nano.a(lib_a-memset.o)
                              c:/st/stm32cubeide_1.7.0/stm32cubeide/plugins/com.st.stm32cube.ide.mcu.externaltools.gnu-tools-for-stm32.9-2020-q2-update.win32_2.0.0.202105311346/tools/bin/../lib/gcc/arm-none-eabi/9.3.1/../../../../arm-none-eabi/lib/thumb/v7e-m+fp/hard/crt0.o (memset)
c:/st/stm32cubeide_1.7.0/stm32cubeide/plugins/com.st.stm32cube.ide.mcu.externaltools.gnu-tools-for-stm32.9-2020-q2-update.win32_2.0.0.202105311346/tools/bin/../lib/gcc/arm-none-eabi/9.3.1/../../../../arm-none-eabi/lib/thumb/v7e-m+fp/hard\libc_nano.a(lib_a-nano-callocr.o)
                              c:/st/stm32cubeide_1.7.0/stm32cubeide/plugins/com.st.stm32cube.ide.mcu.externaltools.gnu-tools-for-stm32.9-2020-q2-update.win32_2.0.0.202105311346/tools/bin/../lib/gcc/arm-none-eabi/9.3.1/../../../../arm-none-eabi/lib/thumb/v7e-m+fp/hard\libc_nano.a(lib_a-calloc.o) (_calloc_r)
c:/st/stm32cubeide_1.7.0/stm32cubeide/plugins/com.st.stm32cube.ide.mcu.externaltools.gnu-tools-for-stm32.9-2020-q2-update.win32_2.0.0.202105311346/tools/bin/../lib/gcc/arm-none-eabi/9.3.1/../../../../arm-none-eabi/lib/thumb/v7e-m+fp/hard\libc_nano.a(lib_a-nano-freer.o)
                              c:/st/stm32cubeide_1.7.0/stm32cubeide/plugins/com.st.stm32cube.ide.mcu.externaltools.gnu-tools-for-stm32.9-2020-q2-update.win32_2.0.0.202105311346/tools/bin/../lib/gcc/arm-none-eabi/9.3.1/../../../../arm-none-eabi/lib/thumb/v7e-m+fp/hard\libc_nano.a(lib_a-malloc.o) (_free_r)
c:/st/stm32cubeide_1.7.0/stm32cubeide/plugins/com.st.stm32cube.ide.mcu.externaltools.gnu-tools-for-stm32.9-2020-q2-update.win32_2.0.0.202105311346/tools/bin/../lib/gcc/arm-none-eabi/9.3.1/../../../../arm-none-eabi/lib/thumb/v7e-m+fp/hard\libc_nano.a(lib_a-nano-mallocr.o)
[...]
Memory Configuration

Name             Origin             Length             Attributes
RAM              0x0000000020000000 0x0000000000050000 xrw
FLASH            0x0000000008000000 0x0000000000100000 xr
*default*        0x0000000000000000 0xffffffffffffffff

Linker script and memory map

LOAD c:/st/stm32cubeide_1.7.0/stm32cubeide/plugins/com.st.stm32cube.ide.mcu.externaltools.gnu-tools-for-stm32.9-2020-q2-update.win32_2.0.0.202105311346/tools/bin/../lib/gcc/arm-none-eabi/9.3.1/thumb/v7e-m+fp/hard/crti.o
LOAD c:/st/stm32cubeide_1.7.0/stm32cubeide/plugins/com.st.stm32cube.ide.mcu.externaltools.gnu-tools-for-stm32.9-2020-q2-update.win32_2.0.0.202105311346/tools/bin/../lib/gcc/arm-none-eabi/9.3.1/thumb/v7e-m+fp/hard/crtbegin.o
LOAD c:/st/stm32cubeide_1.7.0/stm32cubeide/plugins/com.st.stm32cube.ide.mcu.externaltools.gnu-tools-for-stm32.9-2020-q2-update.win32_2.0.0.202105311346/tools/bin/../lib/gcc/arm-none-eabi/9.3.1/../../../../arm-none-eabi/lib/thumb/v7e-m+fp/hard/crt0.o
LOAD ./Core/Src/main.o
LOAD ./Core/Src/my_lcd.o
LOAD ./Core/Src/stm32f7xx_hal_msp.o
LOAD ./Core/Src/stm32f7xx_it.o
LOAD ./Core/Src/syscalls.o
LOAD ./Core/Src/sysmem.o
LOAD ./Core/Src/system_stm32f7xx.o
LOAD ./Core/Startup/startup_stm32f746nghx.o
LOAD ./Drivers/STM32F7xx_HAL_Driver/Src/stm32f7xx_hal.o
LOAD ./Drivers/STM32F7xx_HAL_Driver/Src/stm32f7xx_hal_cortex.o
LOAD ./Drivers/STM32F7xx_HAL_Driver/Src/stm32f7xx_hal_crc.o
LOAD ./Drivers/STM32F7xx_HAL_Driver/Src/stm32f7xx_hal_crc_ex.o
LOAD ./Drivers/STM32F7xx_HAL_Driver/Src/stm32f7xx_hal_dma.o
LOAD ./Drivers/STM32F7xx_HAL_Driver/Src/stm32f7xx_hal_dma2d.o
LOAD ./Drivers/STM32F7xx_HAL_Driver/Src/stm32f7xx_hal_dma_ex.o
LOAD ./Drivers/STM32F7xx_HAL_Driver/Src/stm32f7xx_hal_exti.o
LOAD ./Drivers/STM32F7xx_HAL_Driver/Src/stm32f7xx_hal_flash.o
LOAD ./Drivers/STM32F7xx_HAL_Driver/Src/stm32f7xx_hal_flash_ex.o
LOAD ./Drivers/STM32F7xx_HAL_Driver/Src/stm32f7xx_hal_gpio.o
LOAD ./Drivers/STM32F7xx_HAL_Driver/Src/stm32f7xx_hal_i2c.o
LOAD ./Drivers/STM32F7xx_HAL_Driver/Src/stm32f7xx_hal_i2c_ex.o
LOAD ./Drivers/STM32F7xx_HAL_Driver/Src/stm32f7xx_hal_ltdc.o
LOAD ./Drivers/STM32F7xx_HAL_Driver/Src/stm32f7xx_hal_ltdc_ex.o
LOAD ./Drivers/STM32F7xx_HAL_Driver/Src/stm32f7xx_hal_pwr.o
LOAD ./Drivers/STM32F7xx_HAL_Driver/Src/stm32f7xx_hal_pwr_ex.o
LOAD ./Drivers/STM32F7xx_HAL_Driver/Src/stm32f7xx_hal_rcc.o
LOAD ./Drivers/STM32F7xx_HAL_Driver/Src/stm32f7xx_hal_rcc_ex.o
LOAD ./Drivers/STM32F7xx_HAL_Driver/Src/stm32f7xx_hal_sdram.o
LOAD ./Drivers/STM32F7xx_HAL_Driver/Src/stm32f7xx_hal_tim.o
LOAD ./Drivers/STM32F7xx_HAL_Driver/Src/stm32f7xx_hal_tim_ex.o
LOAD ./Drivers/STM32F7xx_HAL_Driver/Src/stm32f7xx_hal_uart.o
LOAD ./Drivers/STM32F7xx_HAL_Driver/Src/stm32f7xx_hal_uart_ex.o
LOAD ./Drivers/STM32F7xx_HAL_Driver/Src/stm32f7xx_ll_fmc.o
LOAD ./GUI files/font12.o
LOAD ./GUI files/font16.o
LOAD ./GUI files/font20.o
LOAD ./GUI files/font24.o
LOAD ./GUI files/font8.o
LOAD ./GUI files/ft5336.o
LOAD ./GUI files/stm32746g_discovery.o
LOAD ./GUI files/stm32746g_discovery_lcd.o
LOAD ./GUI files/stm32746g_discovery_sdram.o
LOAD ./GUI files/stm32746g_discovery_ts.o
START GROUP
LOAD c:/st/stm32cubeide_1.7.0/stm32cubeide/plugins/com.st.stm32cube.ide.mcu.externaltools.gnu-tools-for-stm32.9-2020-q2-update.win32_2.0.0.202105311346/tools/bin/../lib/gcc/arm-none-eabi/9.3.1/../../../../arm-none-eabi/lib/thumb/v7e-m+fp/hard\libc_nano.a
LOAD c:/st/stm32cubeide_1.7.0/stm32cubeide/plugins/com.st.stm32cube.ide.mcu.externaltools.gnu-tools-for-stm32.9-2020-q2-update.win32_2.0.0.202105311346/tools/bin/../lib/gcc/arm-none-eabi/9.3.1/../../../../arm-none-eabi/lib/thumb/v7e-m+fp/hard\libm.a
END GROUP
START GROUP
LOAD c:/st/stm32cubeide_1.7.0/stm32cubeide/plugins/com.st.stm32cube.ide.mcu.externaltools.gnu-tools-for-stm32.9-2020-q2-update.win32_2.0.0.202105311346/tools/bin/../lib/gcc/arm-none-eabi/9.3.1/thumb/v7e-m+fp/hard\libgcc.a
LOAD c:/st/stm32cubeide_1.7.0/stm32cubeide/plugins/com.st.stm32cube.ide.mcu.externaltools.gnu-tools-for-stm32.9-2020-q2-update.win32_2.0.0.202105311346/tools/bin/../lib/gcc/arm-none-eabi/9.3.1/../../../../arm-none-eabi/lib/thumb/v7e-m+fp/hard\libc_nano.a
END GROUP
START GROUP
LOAD c:/st/stm32cubeide_1.7.0/stm32cubeide/plugins/com.st.stm32cube.ide.mcu.externaltools.gnu-tools-for-stm32.9-2020-q2-update.win32_2.0.0.202105311346/tools/bin/../lib/gcc/arm-none-eabi/9.3.1/thumb/v7e-m+fp/hard\libgcc.a
LOAD c:/st/stm32cubeide_1.7.0/stm32cubeide/plugins/com.st.stm32cube.ide.mcu.externaltools.gnu-tools-for-stm32.9-2020-q2-update.win32_2.0.0.202105311346/tools/bin/../lib/gcc/arm-none-eabi/9.3.1/../../../../arm-none-eabi/lib/thumb/v7e-m+fp/hard\libc_nano.a
LOAD c:/st/stm32cubeide_1.7.0/stm32cubeide/plugins/com.st.stm32cube.ide.mcu.externaltools.gnu-tools-for-stm32.9-2020-q2-update.win32_2.0.0.202105311346/tools/bin/../lib/gcc/arm-none-eabi/9.3.1/../../../../arm-none-eabi/lib/thumb/v7e-m+fp/hard\libnosys.a
END GROUP
START GROUP
LOAD c:/st/stm32cubeide_1.7.0/stm32cubeide/plugins/com.st.stm32cube.ide.mcu.externaltools.gnu-tools-for-stm32.9-2020-q2-update.win32_2.0.0.202105311346/tools/bin/../lib/gcc/arm-none-eabi/9.3.1/thumb/v7e-m+fp/hard\libgcc.a
LOAD c:/st/stm32cubeide_1.7.0/stm32cubeide/plugins/com.st.stm32cube.ide.mcu.externaltools.gnu-tools-for-stm32.9-2020-q2-update.win32_2.0.0.202105311346/tools/bin/../lib/gcc/arm-none-eabi/9.3.1/../../../../arm-none-eabi/lib/thumb/v7e-m+fp/hard\libc_nano.a
LOAD c:/st/stm32cubeide_1.7.0/stm32cubeide/plugins/com.st.stm32cube.ide.mcu.externaltools.gnu-tools-for-stm32.9-2020-q2-update.win32_2.0.0.202105311346/tools/bin/../lib/gcc/arm-none-eabi/9.3.1/../../../../arm-none-eabi/lib/thumb/v7e-m+fp/hard\libnosys.a
END GROUP
LOAD c:/st/stm32cubeide_1.7.0/stm32cubeide/plugins/com.st.stm32cube.ide.mcu.externaltools.gnu-tools-for-stm32.9-2020-q2-update.win32_2.0.0.202105311346/tools/bin/../lib/gcc/arm-none-eabi/9.3.1/thumb/v7e-m+fp/hard/crtend.o
LOAD c:/st/stm32cubeide_1.7.0/stm32cubeide/plugins/com.st.stm32cube.ide.mcu.externaltools.gnu-tools-for-stm32.9-2020-q2-update.win32_2.0.0.202105311346/tools/bin/../lib/gcc/arm-none-eabi/9.3.1/thumb/v7e-m+fp/hard/crtn.o
                0x0000000020050000                _estack = (ORIGIN (RAM) + LENGTH (RAM))
                0x0000000000000200                _Min_Heap_Size = 0x200
                0x0000000000000400                _Min_Stack_Size = 0x400

.isr_vector     0x0000000008000000      0x1c8
                0x0000000008000000                . = ALIGN (0x4)
 *(.isr_vector)
 .isr_vector    0x0000000008000000      0x1c8 ./Core/Startup/startup_stm32f746nghx.o
                0x0000000008000000                g_pfnVectors
                0x00000000080001c8                . = ALIGN (0x4)

.text           0x00000000080001c8     0x83b0
                0x00000000080001c8                . = ALIGN (0x4)
 *(.text)
 .text          0x00000000080001c8       0x40 c:/st/stm32cubeide_1.7.0/stm32cubeide/plugins/com.st.stm32cube.ide.mcu.externaltools.gnu-tools-for-stm32.9-2020-q2-update.win32_2.0.0.202105311346/tools/bin/../lib/gcc/arm-none-eabi/9.3.1/thumb/v7e-m+fp/hard/crtbegin.o
 .text          0x0000000008000208       0x30 c:/st/stm32cubeide_1.7.0/stm32cubeide/plugins/com.st.stm32cube.ide.mcu.externaltools.gnu-tools-for-stm32.9-2020-q2-update.win32_2.0.0.202105311346/tools/bin/../lib/gcc/arm-none-eabi/9.3.1/thumb/v7e-m+fp/hard\libgcc.a(_aeabi_uldivmod.o)
                0x0000000008000208                __aeabi_uldivmod
 .text          0x0000000008000238      0x2c4 c:/st/stm32cubeide_1.7.0/stm32cubeide/plugins/com.st.stm32cube.ide.mcu.externaltools.gnu-tools-for-stm32.9-2020-q2-update.win32_2.0.0.202105311346/tools/bin/../lib/gcc/arm-none-eabi/9.3.1/thumb/v7e-m+fp/hard\libgcc.a(_udivmoddi4.o)
                0x0000000008000238                __udivmoddi4
 .text          0x00000000080004fc        0x4 c:/st/stm32cubeide_1.7.0/stm32cubeide/plugins/com.st.stm32cube.ide.mcu.externaltools.gnu-tools-for-stm32.9-2020-q2-update.win32_2.0.0.202105311346/tools/bin/../lib/gcc/arm-none-eabi/9.3.1/thumb/v7e-m+fp/hard\libgcc.a(_dvmd_tls.o)
                0x00000000080004fc                __aeabi_idiv0
                0x00000000080004fc                __aeabi_ldiv0
 *(.text*)
 .text.SCB_EnableICache
                0x0000000008000500       0x4c ./Core/Src/main.o
 .text.SCB_EnableDCache
                0x000000000800054c       0x88 ./Core/Src/main.o
 .text.SendData
                0x00000000080005d4       0xa8 ./Core/Src/main.o
                0x00000000080005d4                SendData
 .text.main     0x000000000800067c      0x38c ./Core/Src/main.o
                0x000000000800067c                main
 .text.HAL_UART_RxCpltCallback
                0x0000000008000a08       0x68 ./Core/Src/main.o
                0x0000000008000a08                HAL_UART_RxCpltCallback
 .text.SystemClock_Config
                0x0000000008000a70      0x11c ./Core/Src/main.o
                0x0000000008000a70                SystemClock_Config
 .text.MX_CRC_Init
                0x0000000008000b8c       0x44 ./Core/Src/main.o
 .text.MX_DMA2D_Init
                0x0000000008000bd0       0x64 ./Core/Src/main.o
 .text.MX_USART1_UART_Init
                0x0000000008000c34       0x60 ./Core/Src/main.o
 .text.MX_GPIO_Init
                0x0000000008000c94       0xac ./Core/Src/main.o
 .text.Error_Handler
                0x0000000008000d40        0xa ./Core/Src/main.o
                0x0000000008000d40                Error_Handler
 .text.CreateButton
                0x0000000008000d4a       0x6e ./Core/Src/my_lcd.o
                0x0000000008000d4a                CreateButton
 .text.DrawButton
                0x0000000008000db8       0x74 ./Core/Src/my_lcd.o
                0x0000000008000db8                DrawButton
 .text.CheckButton
                0x0000000008000e2c       0x5a ./Core/Src/my_lcd.o
                0x0000000008000e2c                CheckButton
 .text.My_strcpy
                0x0000000008000e86       0x60 ./Core/Src/my_lcd.o
                0x0000000008000e86                My_strcpy
 .text.deg      0x0000000008000ee6       0x44 ./Core/Src/my_lcd.o
                0x0000000008000ee6                deg
 .text.str2num  0x0000000008000f2a       0x62 ./Core/Src/my_lcd.o
                0x0000000008000f2a                str2num
 .text.DrawWhiteRect
                0x0000000008000f8c       0x42 ./Core/Src/my_lcd.o
                0x0000000008000f8c                DrawWhiteRect
 .text.PrintInTRS
                0x0000000008000fce       0x70 ./Core/Src/my_lcd.o
                0x0000000008000fce                PrintInTRS
 .text.PreConvert
                0x000000000800103e       0x72 ./Core/Src/my_lcd.o
                0x000000000800103e                PreConvert
 .text.DeleteSymbol
                0x00000000080010b0       0x38 ./Core/Src/my_lcd.o
                0x00000000080010b0                DeleteSymbol
 .text.ButtonResponse
                0x00000000080010e8      0x148 ./Core/Src/my_lcd.o
                0x00000000080010e8                ButtonResponse
 .text.UpdateScreen
                0x0000000008001230      0x13e ./Core/Src/my_lcd.o
                0x0000000008001230                UpdateScreen
 .text.UpdateRCV
                0x000000000800136e       0x2a ./Core/Src/my_lcd.o
                0x000000000800136e                UpdateRCV
 .text.HAL_MspInit
                0x0000000008001398       0x54 ./Core/Src/stm32f7xx_hal_msp.o
                0x0000000008001398                HAL_MspInit
 .text.HAL_CRC_MspInit
                0x00000000080013ec       0x40 ./Core/Src/stm32f7xx_hal_msp.o
                0x00000000080013ec                HAL_CRC_MspInit
 .text.HAL_DMA2D_MspInit
                0x000000000800142c       0x40 ./Core/Src/stm32f7xx_hal_msp.o
                0x000000000800142c                HAL_DMA2D_MspInit
 .text.HAL_UART_MspInit
                0x000000000800146c       0xd4 ./Core/Src/stm32f7xx_hal_msp.o
                0x000000000800146c                HAL_UART_MspInit
 .text.NMI_Handler
                0x0000000008001540        0x6 ./Core/Src/stm32f7xx_it.o
                0x0000000008001540                NMI_Handler
 .text.HardFault_Handler
                0x0000000008001546        0x6 ./Core/Src/stm32f7xx_it.o
                0x0000000008001546                HardFault_Handler
 .text.MemManage_Handler
                0x000000000800154c        0x6 ./Core/Src/stm32f7xx_it.o
                0x000000000800154c                MemManage_Handler
 .text.BusFault_Handler
                0x0000000008001552        0x6 ./Core/Src/stm32f7xx_it.o
                0x0000000008001552                BusFault_Handler
 .text.UsageFault_Handler
                0x0000000008001558        0x6 ./Core/Src/stm32f7xx_it.o
                0x0000000008001558                UsageFault_Handler
 .text.SVC_Handler
                0x000000000800155e        0xe ./Core/Src/stm32f7xx_it.o
                0x000000000800155e                SVC_Handler
 .text.DebugMon_Handler
                0x000000000800156c        0xe ./Core/Src/stm32f7xx_it.o
                0x000000000800156c                DebugMon_Handler
 .text.PendSV_Handler
                0x000000000800157a        0xe ./Core/Src/stm32f7xx_it.o
                0x000000000800157a                PendSV_Handler
 .text.SysTick_Handler
                0x0000000008001588        0xc ./Core/Src/stm32f7xx_it.o
                0x0000000008001588                SysTick_Handler
 .text.RCC_IRQHandler
                0x0000000008001594        0xe ./Core/Src/stm32f7xx_it.o
                0x0000000008001594                RCC_IRQHandler
 *fill*         0x00000000080015a2        0x2 
 .text.USART1_IRQHandler
                0x00000000080015a4       0x14 ./Core/Src/stm32f7xx_it.o
                0x00000000080015a4                USART1_IRQHandler
 .text.LTDC_IRQHandler
                0x00000000080015b8       0x14 ./Core/Src/stm32f7xx_it.o
                0x00000000080015b8                LTDC_IRQHandler
 .text._sbrk    0x00000000080015cc       0x6c ./Core/Src/sysmem.o
                0x00000000080015cc                _sbrk
 .text.SystemInit
                0x0000000008001638       0x24 ./Core/Src/system_stm32f7xx.o
                0x0000000008001638                SystemInit
 .text.Reset_Handler
                0x000000000800165c       0x50 ./Core/Startup/startup_stm32f746nghx.o
                0x000000000800165c                Reset_Handler
 .text.Default_Handler
                0x00000000080016ac        0x2 ./Core/Startup/startup_stm32f746nghx.o
                0x00000000080016ac                RTC_Alarm_IRQHandler
                0x00000000080016ac                EXTI2_IRQHandler
                0x00000000080016ac                TIM8_CC_IRQHandler
                0x00000000080016ac                UART8_IRQHandler
                0x00000000080016ac                SPI4_IRQHandler
                0x00000000080016ac                TIM1_CC_IRQHandler
                0x00000000080016ac                DMA2_Stream5_IRQHandler
                0x00000000080016ac                DMA1_Stream5_IRQHandler
                0x00000000080016ac                PVD_IRQHandler
                0x00000000080016ac                TAMP_STAMP_IRQHandler
                0x00000000080016ac                CAN2_RX1_IRQHandler
                0x00000000080016ac                EXTI3_IRQHandler
                0x00000000080016ac                TIM8_TRG_COM_TIM14_IRQHandler
                0x00000000080016ac                TIM1_UP_TIM10_IRQHandler
                0x00000000080016ac                TIM8_UP_TIM13_IRQHandler
                0x00000000080016ac                I2C3_ER_IRQHandler
                0x00000000080016ac                EXTI0_IRQHandler
                0x00000000080016ac                I2C2_EV_IRQHandler
                0x00000000080016ac                DMA1_Stream2_IRQHandler
                0x00000000080016ac                CAN1_RX0_IRQHandler
                0x00000000080016ac                FPU_IRQHandler
                0x00000000080016ac                OTG_HS_WKUP_IRQHandler
                0x00000000080016ac                LTDC_ER_IRQHandler
                0x00000000080016ac                CAN2_SCE_IRQHandler
                0x00000000080016ac                DMA2_Stream2_IRQHandler
                0x00000000080016ac                SPI1_IRQHandler
                0x00000000080016ac                TIM6_DAC_IRQHandler
                0x00000000080016ac                TIM1_BRK_TIM9_IRQHandler
                0x00000000080016ac                DCMI_IRQHandler
                0x00000000080016ac                CAN2_RX0_IRQHandler
                0x00000000080016ac                DMA2_Stream3_IRQHandler
                0x00000000080016ac                SAI2_IRQHandler
                0x00000000080016ac                USART6_IRQHandler
                0x00000000080016ac                USART3_IRQHandler
                0x00000000080016ac                CAN1_RX1_IRQHandler
                0x00000000080016ac                UART5_IRQHandler
                0x00000000080016ac                DMA2_Stream0_IRQHandler
                0x00000000080016ac                TIM4_IRQHandler
                0x00000000080016ac                QUADSPI_IRQHandler
                0x00000000080016ac                I2C1_EV_IRQHandler
                0x00000000080016ac                DMA1_Stream6_IRQHandler
                0x00000000080016ac                DMA1_Stream1_IRQHandler
                0x00000000080016ac                UART4_IRQHandler
                0x00000000080016ac                TIM3_IRQHandler
                0x00000000080016ac                TIM8_BRK_TIM12_IRQHandler
                0x00000000080016ac                Default_Handler
                0x00000000080016ac                CEC_IRQHandler
                0x00000000080016ac                EXTI15_10_IRQHandler
                0x00000000080016ac                ADC_IRQHandler
                0x00000000080016ac                DMA1_Stream7_IRQHandler
                0x00000000080016ac                SPI5_IRQHandler
                0x00000000080016ac                TIM7_IRQHandler
                0x00000000080016ac                SDMMC1_IRQHandler
                0x00000000080016ac                CAN2_TX_IRQHandler
                0x00000000080016ac                TIM5_IRQHandler
                0x00000000080016ac                DMA2_Stream7_IRQHandler
                0x00000000080016ac                I2C3_EV_IRQHandler
                0x00000000080016ac                EXTI9_5_IRQHandler
                0x00000000080016ac                RTC_WKUP_IRQHandler
                0x00000000080016ac                ETH_WKUP_IRQHandler
                0x00000000080016ac                SPDIF_RX_IRQHandler
                0x00000000080016ac                SPI2_IRQHandler
                0x00000000080016ac                OTG_HS_EP1_IN_IRQHandler
                0x00000000080016ac                DMA1_Stream0_IRQHandler
                0x00000000080016ac                CAN1_TX_IRQHandler
                0x00000000080016ac                EXTI4_IRQHandler
                0x00000000080016ac                RNG_IRQHandler
                0x00000000080016ac                ETH_IRQHandler
                0x00000000080016ac                OTG_HS_EP1_OUT_IRQHandler
                0x00000000080016ac                WWDG_IRQHandler
                0x00000000080016ac                SPI6_IRQHandler
                0x00000000080016ac                I2C4_EV_IRQHandler
                0x00000000080016ac                TIM2_IRQHandler
                0x00000000080016ac                OTG_FS_WKUP_IRQHandler
                0x00000000080016ac                TIM1_TRG_COM_TIM11_IRQHandler
                0x00000000080016ac                OTG_HS_IRQHandler
                0x00000000080016ac                DMA2D_IRQHandler
                0x00000000080016ac                EXTI1_IRQHandler
                0x00000000080016ac                UART7_IRQHandler
                0x00000000080016ac                USART2_IRQHandler
                0x00000000080016ac                I2C2_ER_IRQHandler
                0x00000000080016ac                DMA2_Stream1_IRQHandler
                0x00000000080016ac                CAN1_SCE_IRQHandler
                0x00000000080016ac                FLASH_IRQHandler
                0x00000000080016ac                DMA2_Stream4_IRQHandler
                0x00000000080016ac                OTG_FS_IRQHandler
                0x00000000080016ac                SPI3_IRQHandler
                0x00000000080016ac                DMA1_Stream4_IRQHandler
                0x00000000080016ac                I2C1_ER_IRQHandler
                0x00000000080016ac                FMC_IRQHandler
                0x00000000080016ac                LPTIM1_IRQHandler
                0x00000000080016ac                I2C4_ER_IRQHandler
                0x00000000080016ac                DMA2_Stream6_IRQHandler
                0x00000000080016ac                SAI1_IRQHandler
                0x00000000080016ac                DMA1_Stream3_IRQHandler
 *fill*         0x00000000080016ae        0x2 
 .text.HAL_Init
                0x00000000080016b0       0x38 ./Drivers/STM32F7xx_HAL_Driver/Src/stm32f7xx_hal.o
                0x00000000080016b0                HAL_Init
 .text.HAL_InitTick
                0x00000000080016e8       0x60 ./Drivers/STM32F7xx_HAL_Driver/Src/stm32f7xx_hal.o
                0x00000000080016e8                HAL_InitTick
 .text.HAL_IncTick
                0x0000000008001748       0x28 ./Drivers/STM32F7xx_HAL_Driver/Src/stm32f7xx_hal.o
                0x0000000008001748                HAL_IncTick
 .text.HAL_GetTick
                0x0000000008001770       0x18 ./Drivers/STM32F7xx_HAL_Driver/Src/stm32f7xx_hal.o
                0x0000000008001770                HAL_GetTick
 .text.HAL_Delay
                0x0000000008001788       0x48 ./Drivers/STM32F7xx_HAL_Driver/Src/stm32f7xx_hal.o
                0x0000000008001788                HAL_Delay
 .text.__NVIC_SetPriorityGrouping
                0x00000000080017d0       0x48 ./Drivers/STM32F7xx_HAL_Driver/Src/stm32f7xx_hal_cortex.o
 .text.__NVIC_GetPriorityGrouping
                0x0000000008001818       0x1c ./Drivers/STM32F7xx_HAL_Driver/Src/stm32f7xx_hal_cortex.o
 .text.__NVIC_EnableIRQ
                0x0000000008001834       0x3c ./Drivers/STM32F7xx_HAL_Driver/Src/stm32f7xx_hal_cortex.o
 .text.__NVIC_SetPriority
                0x0000000008001870       0x54 ./Drivers/STM32F7xx_HAL_Driver/Src/stm32f7xx_hal_cortex.o
 .text.NVIC_EncodePriority
                0x00000000080018c4       0x66 ./Drivers/STM32F7xx_HAL_Driver/Src/stm32f7xx_hal_cortex.o
 *fill*         0x000000000800192a        0x2 
 .text.SysTick_Config
                0x000000000800192c       0x44 ./Drivers/STM32F7xx_HAL_Driver/Src/stm32f7xx_hal_cortex.o
 .text.HAL_NVIC_SetPriorityGrouping
                0x0000000008001970       0x16 ./Drivers/STM32F7xx_HAL_Driver/Src/stm32f7xx_hal_cortex.o
                0x0000000008001970                HAL_NVIC_SetPriorityGrouping
 .text.HAL_NVIC_SetPriority
                0x0000000008001986       0x38 ./Drivers/STM32F7xx_HAL_Driver/Src/stm32f7xx_hal_cortex.o
                0x0000000008001986                HAL_NVIC_SetPriority
 .text.HAL_NVIC_EnableIRQ
                0x00000000080019be       0x1c ./Drivers/STM32F7xx_HAL_Driver/Src/stm32f7xx_hal_cortex.o
                0x00000000080019be                HAL_NVIC_EnableIRQ
 .text.HAL_SYSTICK_Config
                0x00000000080019da       0x18 ./Drivers/STM32F7xx_HAL_Driver/Src/stm32f7xx_hal_cortex.o
                0x00000000080019da                HAL_SYSTICK_Config
 *fill*         0x00000000080019f2        0x2 
 .text.HAL_CRC_Init
                0x00000000080019f4       0xc8 ./Drivers/STM32F7xx_HAL_Driver/Src/stm32f7xx_hal_crc.o
                0x00000000080019f4                HAL_CRC_Init
 .text.HAL_CRCEx_Polynomial_Set
                0x0000000008001abc      0x10c ./Drivers/STM32F7xx_HAL_Driver/Src/stm32f7xx_hal_crc_ex.o
                0x0000000008001abc                HAL_CRCEx_Polynomial_Set
 .text.HAL_DMA_Init
                0x0000000008001bc8      0x15c ./Drivers/STM32F7xx_HAL_Driver/Src/stm32f7xx_hal_dma.o
                0x0000000008001bc8                HAL_DMA_Init
 .text.HAL_DMA_DeInit
                0x0000000008001d24       0xbc ./Drivers/STM32F7xx_HAL_Driver/Src/stm32f7xx_hal_dma.o
                0x0000000008001d24                HAL_DMA_DeInit
 .text.HAL_DMA_Abort
                0x0000000008001de0       0xe0 ./Drivers/STM32F7xx_HAL_Driver/Src/stm32f7xx_hal_dma.o
                0x0000000008001de0                HAL_DMA_Abort
 .text.HAL_DMA_Abort_IT
                0x0000000008001ec0       0x44 ./Drivers/STM32F7xx_HAL_Driver/Src/stm32f7xx_hal_dma.o
                0x0000000008001ec0                HAL_DMA_Abort_IT
 .text.DMA_CalcBaseAndBitshift
                0x0000000008001f04       0x6c ./Drivers/STM32F7xx_HAL_Driver/Src/stm32f7xx_hal_dma.o
 .text.DMA_CheckFifoParam
                0x0000000008001f70       0xf8 ./Drivers/STM32F7xx_HAL_Driver/Src/stm32f7xx_hal_dma.o
 .text.HAL_DMA2D_Init
                0x0000000008002068       0x94 ./Drivers/STM32F7xx_HAL_Driver/Src/stm32f7xx_hal_dma2d.o
                0x0000000008002068                HAL_DMA2D_Init
 .text.HAL_DMA2D_Start
                0x00000000080020fc       0x56 ./Drivers/STM32F7xx_HAL_Driver/Src/stm32f7xx_hal_dma2d.o
                0x00000000080020fc                HAL_DMA2D_Start
 .text.HAL_DMA2D_PollForTransfer
                0x0000000008002152      0x1d2 ./Drivers/STM32F7xx_HAL_Driver/Src/stm32f7xx_hal_dma2d.o
                0x0000000008002152                HAL_DMA2D_PollForTransfer
 .text.HAL_DMA2D_ConfigLayer
                0x0000000008002324      0x124 ./Drivers/STM32F7xx_HAL_Driver/Src/stm32f7xx_hal_dma2d.o
                0x0000000008002324                HAL_DMA2D_ConfigLayer
 .text.DMA2D_SetConfig
                0x0000000008002448      0x138 ./Drivers/STM32F7xx_HAL_Driver/Src/stm32f7xx_hal_dma2d.o
 .text.HAL_GPIO_Init
                0x0000000008002580      0x358 ./Drivers/STM32F7xx_HAL_Driver/Src/stm32f7xx_hal_gpio.o
                0x0000000008002580                HAL_GPIO_Init
 .text.HAL_GPIO_WritePin
                0x00000000080028d8       0x32 ./Drivers/STM32F7xx_HAL_Driver/Src/stm32f7xx_hal_gpio.o
                0x00000000080028d8                HAL_GPIO_WritePin
 *fill*         0x000000000800290a        0x2 
 .text.HAL_I2C_Init
                0x000000000800290c      0x120 ./Drivers/STM32F7xx_HAL_Driver/Src/stm32f7xx_hal_i2c.o
                0x000000000800290c                HAL_I2C_Init
 .text.HAL_I2C_DeInit
                0x0000000008002a2c       0x5e ./Drivers/STM32F7xx_HAL_Driver/Src/stm32f7xx_hal_i2c.o
                0x0000000008002a2c                HAL_I2C_DeInit
 .text.HAL_I2C_MspInit
                0x0000000008002a8a       0x14 ./Drivers/STM32F7xx_HAL_Driver/Src/stm32f7xx_hal_i2c.o
                0x0000000008002a8a                HAL_I2C_MspInit
 .text.HAL_I2C_MspDeInit
                0x0000000008002a9e       0x14 ./Drivers/STM32F7xx_HAL_Driver/Src/stm32f7xx_hal_i2c.o
                0x0000000008002a9e                HAL_I2C_MspDeInit
 *fill*         0x0000000008002ab2        0x2 
 .text.HAL_I2C_Mem_Write
                0x0000000008002ab4      0x228 ./Drivers/STM32F7xx_HAL_Driver/Src/stm32f7xx_hal_i2c.o
                0x0000000008002ab4                HAL_I2C_Mem_Write
 .text.HAL_I2C_Mem_Read
                0x0000000008002cdc      0x234 ./Drivers/STM32F7xx_HAL_Driver/Src/stm32f7xx_hal_i2c.o
                0x0000000008002cdc                HAL_I2C_Mem_Read
 .text.HAL_I2C_GetState
                0x0000000008002f10       0x1c ./Drivers/STM32F7xx_HAL_Driver/Src/stm32f7xx_hal_i2c.o
                0x0000000008002f10                HAL_I2C_GetState
 .text.I2C_RequestMemoryWrite
                0x0000000008002f2c       0xa8 ./Drivers/STM32F7xx_HAL_Driver/Src/stm32f7xx_hal_i2c.o
 .text.I2C_RequestMemoryRead
                0x0000000008002fd4       0xa8 ./Drivers/STM32F7xx_HAL_Driver/Src/stm32f7xx_hal_i2c.o
 .text.I2C_Flush_TXDR
                0x000000000800307c       0x48 ./Drivers/STM32F7xx_HAL_Driver/Src/stm32f7xx_hal_i2c.o
 .text.I2C_WaitOnFlagUntilTimeout
                0x00000000080030c4       0x80 ./Drivers/STM32F7xx_HAL_Driver/Src/stm32f7xx_hal_i2c.o
 .text.I2C_WaitOnTXISFlagUntilTimeout
                0x0000000008003144       0x80 ./Drivers/STM32F7xx_HAL_Driver/Src/stm32f7xx_hal_i2c.o
 .text.I2C_WaitOnSTOPFlagUntilTimeout
                0x00000000080031c4       0x78 ./Drivers/STM32F7xx_HAL_Driver/Src/stm32f7xx_hal_i2c.o
 .text.I2C_IsErrorOccurred
                0x000000000800323c      0x1d8 ./Drivers/STM32F7xx_HAL_Driver/Src/stm32f7xx_hal_i2c.o
 .text.I2C_TransferConfig
                0x0000000008003414       0x64 ./Drivers/STM32F7xx_HAL_Driver/Src/stm32f7xx_hal_i2c.o
 .text.HAL_LTDC_Init
                0x0000000008003478      0x1b8 ./Drivers/STM32F7xx_HAL_Driver/Src/stm32f7xx_hal_ltdc.o
                0x0000000008003478                HAL_LTDC_Init
 .text.HAL_LTDC_MspInit
                0x0000000008003630       0x14 ./Drivers/STM32F7xx_HAL_Driver/Src/stm32f7xx_hal_ltdc.o
                0x0000000008003630                HAL_LTDC_MspInit
 .text.HAL_LTDC_IRQHandler
                0x0000000008003644      0x158 ./Drivers/STM32F7xx_HAL_Driver/Src/stm32f7xx_hal_ltdc.o
                0x0000000008003644                HAL_LTDC_IRQHandler
 .text.HAL_LTDC_ErrorCallback
                0x000000000800379c       0x14 ./Drivers/STM32F7xx_HAL_Driver/Src/stm32f7xx_hal_ltdc.o
                0x000000000800379c                HAL_LTDC_ErrorCallback
 .text.HAL_LTDC_LineEventCallback
                0x00000000080037b0       0x14 ./Drivers/STM32F7xx_HAL_Driver/Src/stm32f7xx_hal_ltdc.o
                0x00000000080037b0                HAL_LTDC_LineEventCallback
 .text.HAL_LTDC_ReloadEventCallback
                0x00000000080037c4       0x14 ./Drivers/STM32F7xx_HAL_Driver/Src/stm32f7xx_hal_ltdc.o
                0x00000000080037c4                HAL_LTDC_ReloadEventCallback
 .text.HAL_LTDC_ConfigLayer
                0x00000000080037d8       0x7c ./Drivers/STM32F7xx_HAL_Driver/Src/stm32f7xx_hal_ltdc.o
                0x00000000080037d8                HAL_LTDC_ConfigLayer
 .text.HAL_LTDC_GetState
                0x0000000008003854       0x1c ./Drivers/STM32F7xx_HAL_Driver/Src/stm32f7xx_hal_ltdc.o
                0x0000000008003854                HAL_LTDC_GetState
 .text.LTDC_SetConfig
                0x0000000008003870      0x340 ./Drivers/STM32F7xx_HAL_Driver/Src/stm32f7xx_hal_ltdc.o
 .text.HAL_PWREx_EnableOverDrive
                0x0000000008003bb0       0xa0 ./Drivers/STM32F7xx_HAL_Driver/Src/stm32f7xx_hal_pwr_ex.o
                0x0000000008003bb0                HAL_PWREx_EnableOverDrive
 .text.HAL_RCC_OscConfig
                0x0000000008003c50      0x548 ./Drivers/STM32F7xx_HAL_Driver/Src/stm32f7xx_hal_rcc.o
                0x0000000008003c50                HAL_RCC_OscConfig
 .text.HAL_RCC_ClockConfig
                0x0000000008004198      0x1d8 ./Drivers/STM32F7xx_HAL_Driver/Src/stm32f7xx_hal_rcc.o
                0x0000000008004198                HAL_RCC_ClockConfig
 .text.HAL_RCC_GetSysClockFreq
                0x0000000008004370      0x16c ./Drivers/STM32F7xx_HAL_Driver/Src/stm32f7xx_hal_rcc.o
                0x0000000008004370                HAL_RCC_GetSysClockFreq
 .text.HAL_RCC_GetHCLKFreq
                0x00000000080044dc       0x18 ./Drivers/STM32F7xx_HAL_Driver/Src/stm32f7xx_hal_rcc.o
                0x00000000080044dc                HAL_RCC_GetHCLKFreq
 .text.HAL_RCC_GetPCLK1Freq
                0x00000000080044f4       0x28 ./Drivers/STM32F7xx_HAL_Driver/Src/stm32f7xx_hal_rcc.o
                0x00000000080044f4                HAL_RCC_GetPCLK1Freq
 .text.HAL_RCC_GetPCLK2Freq
                0x000000000800451c       0x28 ./Drivers/STM32F7xx_HAL_Driver/Src/stm32f7xx_hal_rcc.o
                0x000000000800451c                HAL_RCC_GetPCLK2Freq
 .text.HAL_RCCEx_PeriphCLKConfig
                0x0000000008004544      0x7e0 ./Drivers/STM32F7xx_HAL_Driver/Src/stm32f7xx_hal_rcc_ex.o
                0x0000000008004544                HAL_RCCEx_PeriphCLKConfig
 .text.HAL_SDRAM_Init
                0x0000000008004d24       0x68 ./Drivers/STM32F7xx_HAL_Driver/Src/stm32f7xx_hal_sdram.o
                0x0000000008004d24                HAL_SDRAM_Init
 .text.HAL_SDRAM_MspInit
                0x0000000008004d8c       0x14 ./Drivers/STM32F7xx_HAL_Driver/Src/stm32f7xx_hal_sdram.o
                0x0000000008004d8c                HAL_SDRAM_MspInit
 .text.HAL_SDRAM_SendCommand
                0x0000000008004da0       0x56 ./Drivers/STM32F7xx_HAL_Driver/Src/stm32f7xx_hal_sdram.o
                0x0000000008004da0                HAL_SDRAM_SendCommand
 .text.HAL_SDRAM_ProgramRefreshRate
                0x0000000008004df6       0x40 ./Drivers/STM32F7xx_HAL_Driver/Src/stm32f7xx_hal_sdram.o
                0x0000000008004df6                HAL_SDRAM_ProgramRefreshRate
 .text.HAL_UART_Init
                0x0000000008004e36       0x9c ./Drivers/STM32F7xx_HAL_Driver/Src/stm32f7xx_hal_uart.o
                0x0000000008004e36                HAL_UART_Init
 .text.HAL_UART_Transmit
                0x0000000008004ed2      0x126 ./Drivers/STM32F7xx_HAL_Driver/Src/stm32f7xx_hal_uart.o
                0x0000000008004ed2                HAL_UART_Transmit
 .text.HAL_UART_Receive_IT
                0x0000000008004ff8       0x9c ./Drivers/STM32F7xx_HAL_Driver/Src/stm32f7xx_hal_uart.o
                0x0000000008004ff8                HAL_UART_Receive_IT
 .text.HAL_UART_IRQHandler
                0x0000000008005094      0x594 ./Drivers/STM32F7xx_HAL_Driver/Src/stm32f7xx_hal_uart.o
                0x0000000008005094                HAL_UART_IRQHandler
 .text.HAL_UART_TxCpltCallback
                0x0000000008005628       0x14 ./Drivers/STM32F7xx_HAL_Driver/Src/stm32f7xx_hal_uart.o
                0x0000000008005628                HAL_UART_TxCpltCallback
 .text.HAL_UART_ErrorCallback
                0x000000000800563c       0x14 ./Drivers/STM32F7xx_HAL_Driver/Src/stm32f7xx_hal_uart.o
                0x000000000800563c                HAL_UART_ErrorCallback
 .text.HAL_UARTEx_RxEventCallback
                0x0000000008005650       0x18 ./Drivers/STM32F7xx_HAL_Driver/Src/stm32f7xx_hal_uart.o
                0x0000000008005650                HAL_UARTEx_RxEventCallback
 .text.UART_SetConfig
                0x0000000008005668      0x4c4 ./Drivers/STM32F7xx_HAL_Driver/Src/stm32f7xx_hal_uart.o
                0x0000000008005668                UART_SetConfig
 .text.UART_AdvFeatureConfig
                0x0000000008005b2c      0x144 ./Drivers/STM32F7xx_HAL_Driver/Src/stm32f7xx_hal_uart.o
                0x0000000008005b2c                UART_AdvFeatureConfig
 .text.UART_CheckIdleState
                0x0000000008005c70       0x66 ./Drivers/STM32F7xx_HAL_Driver/Src/stm32f7xx_hal_uart.o
                0x0000000008005c70                UART_CheckIdleState
 .text.UART_WaitOnFlagUntilTimeout
                0x0000000008005cd6      0x188 ./Drivers/STM32F7xx_HAL_Driver/Src/stm32f7xx_hal_uart.o
                0x0000000008005cd6                UART_WaitOnFlagUntilTimeout
 *fill*         0x0000000008005e5e        0x2 
 .text.UART_Start_Receive_IT
                0x0000000008005e60      0x194 ./Drivers/STM32F7xx_HAL_Driver/Src/stm32f7xx_hal_uart.o
                0x0000000008005e60                UART_Start_Receive_IT
 .text.UART_EndRxTransfer
                0x0000000008005ff4       0xc6 ./Drivers/STM32F7xx_HAL_Driver/Src/stm32f7xx_hal_uart.o
 .text.UART_DMAAbortOnError
                0x00000000080060ba       0x2c ./Drivers/STM32F7xx_HAL_Driver/Src/stm32f7xx_hal_uart.o
 .text.UART_EndTransmit_IT
                0x00000000080060e6       0x54 ./Drivers/STM32F7xx_HAL_Driver/Src/stm32f7xx_hal_uart.o
 .text.UART_RxISR_8BIT
                0x000000000800613a      0x15c ./Drivers/STM32F7xx_HAL_Driver/Src/stm32f7xx_hal_uart.o
 .text.UART_RxISR_16BIT
                0x0000000008006296      0x15c ./Drivers/STM32F7xx_HAL_Driver/Src/stm32f7xx_hal_uart.o
 *fill*         0x00000000080063f2        0x2 
 .text.FMC_SDRAM_Init
                0x00000000080063f4       0xe4 ./Drivers/STM32F7xx_HAL_Driver/Src/stm32f7xx_ll_fmc.o
                0x00000000080063f4                FMC_SDRAM_Init
 .text.FMC_SDRAM_Timing_Init
                0x00000000080064d8      0x100 ./Drivers/STM32F7xx_HAL_Driver/Src/stm32f7xx_ll_fmc.o
                0x00000000080064d8                FMC_SDRAM_Timing_Init
 .text.FMC_SDRAM_SendCommand
                0x00000000080065d8       0x42 ./Drivers/STM32F7xx_HAL_Driver/Src/stm32f7xx_ll_fmc.o
                0x00000000080065d8                FMC_SDRAM_SendCommand
 .text.FMC_SDRAM_ProgramRefreshRate
                0x000000000800661a       0x26 ./Drivers/STM32F7xx_HAL_Driver/Src/stm32f7xx_ll_fmc.o
                0x000000000800661a                FMC_SDRAM_ProgramRefreshRate
 .text.ft5336_Init
                0x0000000008006640       0x1c ./GUI files/ft5336.o
                0x0000000008006640                ft5336_Init
 .text.ft5336_Reset
                0x000000000800665c       0x16 ./GUI files/ft5336.o
                0x000000000800665c                ft5336_Reset
 .text.ft5336_ReadID
                0x0000000008006672       0x5c ./GUI files/ft5336.o
                0x0000000008006672                ft5336_ReadID
 .text.ft5336_TS_Start
                0x00000000080066ce       0x22 ./GUI files/ft5336.o
                0x00000000080066ce                ft5336_TS_Start
 .text.ft5336_TS_DetectTouch
                0x00000000080066f0       0x54 ./GUI files/ft5336.o
                0x00000000080066f0                ft5336_TS_DetectTouch
 .text.ft5336_TS_GetXY
                0x0000000008006744      0x1e0 ./GUI files/ft5336.o
                0x0000000008006744                ft5336_TS_GetXY
 .text.ft5336_TS_EnableIT
                0x0000000008006924       0x28 ./GUI files/ft5336.o
                0x0000000008006924                ft5336_TS_EnableIT
 .text.ft5336_TS_DisableIT
                0x000000000800694c       0x28 ./GUI files/ft5336.o
                0x000000000800694c                ft5336_TS_DisableIT
 .text.ft5336_TS_ITStatus
                0x0000000008006974       0x18 ./GUI files/ft5336.o
                0x0000000008006974                ft5336_TS_ITStatus
 .text.ft5336_TS_ClearIT
                0x000000000800698c       0x16 ./GUI files/ft5336.o
                0x000000000800698c                ft5336_TS_ClearIT
 .text.ft5336_TS_GetGestureID
                0x00000000080069a2       0x32 ./GUI files/ft5336.o
                0x00000000080069a2                ft5336_TS_GetGestureID
 .text.ft5336_TS_GetTouchInfo
                0x00000000080069d4      0x15c ./GUI files/ft5336.o
                0x00000000080069d4                ft5336_TS_GetTouchInfo
 .text.ft5336_Get_I2C_InitializedStatus
                0x0000000008006b30       0x18 ./GUI files/ft5336.o
 .text.ft5336_I2C_InitializeIfRequired
                0x0000000008006b48       0x20 ./GUI files/ft5336.o
 .text.ft5336_TS_Configure
                0x0000000008006b68       0x1c ./GUI files/ft5336.o
 .text.I2Cx_MspInit
                0x0000000008006b84      0x160 ./GUI files/stm32746g_discovery.o
 .text.I2Cx_Init
                0x0000000008006ce4       0x78 ./GUI files/stm32746g_discovery.o
 .text.I2Cx_ReadMultiple
                0x0000000008006d5c       0x5a ./GUI files/stm32746g_discovery.o
 .text.I2Cx_WriteMultiple
                0x0000000008006db6       0x5a ./GUI files/stm32746g_discovery.o
 .text.I2Cx_Error
                0x0000000008006e10       0x20 ./GUI files/stm32746g_discovery.o
 .text.TS_IO_Init
                0x0000000008006e30       0x14 ./GUI files/stm32746g_discovery.o
                0x0000000008006e30                TS_IO_Init
 .text.TS_IO_Write
                0x0000000008006e44       0x34 ./GUI files/stm32746g_discovery.o
                0x0000000008006e44                TS_IO_Write
 .text.TS_IO_Read
                0x0000000008006e78       0x3c ./GUI files/stm32746g_discovery.o
                0x0000000008006e78                TS_IO_Read
 .text.TS_IO_Delay
                0x0000000008006eb4       0x16 ./GUI files/stm32746g_discovery.o
                0x0000000008006eb4                TS_IO_Delay
 *fill*         0x0000000008006eca        0x2 
 .text.BSP_LCD_Init
                0x0000000008006ecc       0xe0 ./GUI files/stm32746g_discovery_lcd.o
                0x0000000008006ecc                BSP_LCD_Init
 .text.BSP_LCD_GetXSize
                0x0000000008006fac       0x28 ./GUI files/stm32746g_discovery_lcd.o
                0x0000000008006fac                BSP_LCD_GetXSize
 .text.BSP_LCD_GetYSize
                0x0000000008006fd4       0x28 ./GUI files/stm32746g_discovery_lcd.o
                0x0000000008006fd4                BSP_LCD_GetYSize
 .text.BSP_LCD_LayerDefaultInit
                0x0000000008006ffc       0xc0 ./GUI files/stm32746g_discovery_lcd.o
                0x0000000008006ffc                BSP_LCD_LayerDefaultInit
 .text.BSP_LCD_SelectLayer
                0x00000000080070bc       0x20 ./GUI files/stm32746g_discovery_lcd.o
                0x00000000080070bc                BSP_LCD_SelectLayer
 .text.BSP_LCD_SetTextColor
                0x00000000080070dc       0x30 ./GUI files/stm32746g_discovery_lcd.o
                0x00000000080070dc                BSP_LCD_SetTextColor
 .text.BSP_LCD_SetFont
                0x000000000800710c       0x34 ./GUI files/stm32746g_discovery_lcd.o
                0x000000000800710c                BSP_LCD_SetFont
 .text.BSP_LCD_Clear
                0x0000000008007140       0x50 ./GUI files/stm32746g_discovery_lcd.o
                0x0000000008007140                BSP_LCD_Clear
 .text.BSP_LCD_DisplayChar
                0x0000000008007190       0x88 ./GUI files/stm32746g_discovery_lcd.o
                0x0000000008007190                BSP_LCD_DisplayChar
 .text.BSP_LCD_DisplayStringAt
                0x0000000008007218      0x190 ./GUI files/stm32746g_discovery_lcd.o
                0x0000000008007218                BSP_LCD_DisplayStringAt
 .text.BSP_LCD_DrawHLine
                0x00000000080073a8       0xbc ./GUI files/stm32746g_discovery_lcd.o
                0x00000000080073a8                BSP_LCD_DrawHLine
 .text.BSP_LCD_DrawVLine
                0x0000000008007464       0xc4 ./GUI files/stm32746g_discovery_lcd.o
                0x0000000008007464                BSP_LCD_DrawVLine
 .text.BSP_LCD_DrawRect
                0x0000000008007528       0x62 ./GUI files/stm32746g_discovery_lcd.o
                0x0000000008007528                BSP_LCD_DrawRect
 *fill*         0x000000000800758a        0x2 
 .text.BSP_LCD_DrawPixel
                0x000000000800758c       0x90 ./GUI files/stm32746g_discovery_lcd.o
                0x000000000800758c                BSP_LCD_DrawPixel
 .text.BSP_LCD_FillRect
                0x000000000800761c       0xf4 ./GUI files/stm32746g_discovery_lcd.o
                0x000000000800761c                BSP_LCD_FillRect
 .text.BSP_LCD_DisplayOn
                0x0000000008007710       0x3c ./GUI files/stm32746g_discovery_lcd.o
                0x0000000008007710                BSP_LCD_DisplayOn
 .text.BSP_LCD_MspInit
                0x000000000800774c      0x1b4 ./GUI files/stm32746g_discovery_lcd.o
                0x000000000800774c                BSP_LCD_MspInit
 .text.BSP_LCD_ClockConfig
                0x0000000008007900       0x38 ./GUI files/stm32746g_discovery_lcd.o
                0x0000000008007900                BSP_LCD_ClockConfig
 .text.DrawChar
                0x0000000008007938      0x170 ./GUI files/stm32746g_discovery_lcd.o
 .text.LL_FillBuffer
                0x0000000008007aa8       0x98 ./GUI files/stm32746g_discovery_lcd.o
 .text.BSP_SDRAM_Init
                0x0000000008007b40       0xbc ./GUI files/stm32746g_discovery_sdram.o
                0x0000000008007b40                BSP_SDRAM_Init
 .text.BSP_SDRAM_Initialization_sequence
                0x0000000008007bfc       0xc0 ./GUI files/stm32746g_discovery_sdram.o
                0x0000000008007bfc                BSP_SDRAM_Initialization_sequence
 .text.BSP_SDRAM_MspInit
                0x0000000008007cbc      0x1f0 ./GUI files/stm32746g_discovery_sdram.o
                0x0000000008007cbc                BSP_SDRAM_MspInit
 .text.BSP_TS_Init
                0x0000000008007eac       0x80 ./GUI files/stm32746g_discovery_ts.o
                0x0000000008007eac                BSP_TS_Init
 .text.BSP_TS_GetState
                0x0000000008007f2c      0x3ac ./GUI files/stm32746g_discovery_ts.o
                0x0000000008007f2c                BSP_TS_GetState
 .text.BSP_TS_Get_GestureId
                0x00000000080082d8      0x104 ./GUI files/stm32746g_discovery_ts.o
                0x00000000080082d8                BSP_TS_Get_GestureId
 .text.calloc   0x00000000080083dc       0x10 c:/st/stm32cubeide_1.7.0/stm32cubeide/plugins/com.st.stm32cube.ide.mcu.externaltools.gnu-tools-for-stm32.9-2020-q2-update.win32_2.0.0.202105311346/tools/bin/../lib/gcc/arm-none-eabi/9.3.1/../../../../arm-none-eabi/lib/thumb/v7e-m+fp/hard\libc_nano.a(lib_a-calloc.o)
                0x00000000080083dc                calloc
 .text.__errno  0x00000000080083ec        0xc c:/st/stm32cubeide_1.7.0/stm32cubeide/plugins/com.st.stm32cube.ide.mcu.externaltools.gnu-tools-for-stm32.9-2020-q2-update.win32_2.0.0.202105311346/tools/bin/../lib/gcc/arm-none-eabi/9.3.1/../../../../arm-none-eabi/lib/thumb/v7e-m+fp/hard\libc_nano.a(lib_a-errno.o)
                0x00000000080083ec                __errno
 .text.__libc_init_array
                0x00000000080083f8       0x48 c:/st/stm32cubeide_1.7.0/stm32cubeide/plugins/com.st.stm32cube.ide.mcu.externaltools.gnu-tools-for-stm32.9-2020-q2-update.win32_2.0.0.202105311346/tools/bin/../lib/gcc/arm-none-eabi/9.3.1/../../../../arm-none-eabi/lib/thumb/v7e-m+fp/hard\libc_nano.a(lib_a-init.o)
                0x00000000080083f8                __libc_init_array
 .text.memset   0x0000000008008440       0x10 c:/st/stm32cubeide_1.7.0/stm32cubeide/plugins/com.st.stm32cube.ide.mcu.externaltools.gnu-tools-for-stm32.9-2020-q2-update.win32_2.0.0.202105311346/tools/bin/../lib/gcc/arm-none-eabi/9.3.1/../../../../arm-none-eabi/lib/thumb/v7e-m+fp/hard\libc_nano.a(lib_a-memset.o)
                0x0000000008008440                memset
 .text._calloc_r
                0x0000000008008450       0x1e c:/st/stm32cubeide_1.7.0/stm32cubeide/plugins/com.st.stm32cube.ide.mcu.externaltools.gnu-tools-for-stm32.9-2020-q2-update.win32_2.0.0.202105311346/tools/bin/../lib/gcc/arm-none-eabi/9.3.1/../../../../arm-none-eabi/lib/thumb/v7e-m+fp/hard\libc_nano.a(lib_a-nano-callocr.o)
                0x0000000008008450                _calloc_r
 *fill*         0x000000000800846e        0x2 
 .text._malloc_r
                0x0000000008008470       0xb4 c:/st/stm32cubeide_1.7.0/stm32cubeide/plugins/com.st.stm32cube.ide.mcu.externaltools.gnu-tools-for-stm32.9-2020-q2-update.win32_2.0.0.202105311346/tools/bin/../lib/gcc/arm-none-eabi/9.3.1/../../../../arm-none-eabi/lib/thumb/v7e-m+fp/hard\libc_nano.a(lib_a-nano-mallocr.o)
                0x0000000008008470                _malloc_r
 .text._sbrk_r  0x0000000008008524       0x20 c:/st/stm32cubeide_1.7.0/stm32cubeide/plugins/com.st.stm32cube.ide.mcu.externaltools.gnu-tools-for-stm32.9-2020-q2-update.win32_2.0.0.202105311346/tools/bin/../lib/gcc/arm-none-eabi/9.3.1/../../../../arm-none-eabi/lib/thumb/v7e-m+fp/hard\libc_nano.a(lib_a-sbrkr.o)
                0x0000000008008524                _sbrk_r
 .text.__malloc_lock
                0x0000000008008544        0xc c:/st/stm32cubeide_1.7.0/stm32cubeide/plugins/com.st.stm32cube.ide.mcu.externaltools.gnu-tools-for-stm32.9-2020-q2-update.win32_2.0.0.202105311346/tools/bin/../lib/gcc/arm-none-eabi/9.3.1/../../../../arm-none-eabi/lib/thumb/v7e-m+fp/hard\libc_nano.a(lib_a-mlock.o)
                0x0000000008008544                __malloc_lock
 .text.__malloc_unlock
                0x0000000008008550        0xc c:/st/stm32cubeide_1.7.0/stm32cubeide/plugins/com.st.stm32cube.ide.mcu.externaltools.gnu-tools-for-stm32.9-2020-q2-update.win32_2.0.0.202105311346/tools/bin/../lib/gcc/arm-none-eabi/9.3.1/../../../../arm-none-eabi/lib/thumb/v7e-m+fp/hard\libc_nano.a(lib_a-mlock.o)
                0x0000000008008550                __malloc_unlock
 .text.__retarget_lock_acquire_recursive
                0x000000000800855c        0x2 c:/st/stm32cubeide_1.7.0/stm32cubeide/plugins/com.st.stm32cube.ide.mcu.externaltools.gnu-tools-for-stm32.9-2020-q2-update.win32_2.0.0.202105311346/tools/bin/../lib/gcc/arm-none-eabi/9.3.1/../../../../arm-none-eabi/lib/thumb/v7e-m+fp/hard\libc_nano.a(lib_a-lock.o)
                0x000000000800855c                __retarget_lock_acquire_recursive
 .text.__retarget_lock_release_recursive
                0x000000000800855e        0x2 c:/st/stm32cubeide_1.7.0/stm32cubeide/plugins/com.st.stm32cube.ide.mcu.externaltools.gnu-tools-for-stm32.9-2020-q2-update.win32_2.0.0.202105311346/tools/bin/../lib/gcc/arm-none-eabi/9.3.1/../../../../arm-none-eabi/lib/thumb/v7e-m+fp/hard\libc_nano.a(lib_a-lock.o)
                0x000000000800855e                __retarget_lock_release_recursive
 *(.glue_7)
 .glue_7        0x0000000008008560        0x0 linker stubs
 *(.glue_7t)
 .glue_7t       0x0000000008008560        0x0 linker stubs
 *(.eh_frame)
 .eh_frame      0x0000000008008560        0x0 c:/st/stm32cubeide_1.7.0/stm32cubeide/plugins/com.st.stm32cube.ide.mcu.externaltools.gnu-tools-for-stm32.9-2020-q2-update.win32_2.0.0.202105311346/tools/bin/../lib/gcc/arm-none-eabi/9.3.1/thumb/v7e-m+fp/hard/crtbegin.o
 *(.init)
 .init          0x0000000008008560        0x4 c:/st/stm32cubeide_1.7.0/stm32cubeide/plugins/com.st.stm32cube.ide.mcu.externaltools.gnu-tools-for-stm32.9-2020-q2-update.win32_2.0.0.202105311346/tools/bin/../lib/gcc/arm-none-eabi/9.3.1/thumb/v7e-m+fp/hard/crti.o
                0x0000000008008560                _init
 .init          0x0000000008008564        0x8 c:/st/stm32cubeide_1.7.0/stm32cubeide/plugins/com.st.stm32cube.ide.mcu.externaltools.gnu-tools-for-stm32.9-2020-q2-update.win32_2.0.0.202105311346/tools/bin/../lib/gcc/arm-none-eabi/9.3.1/thumb/v7e-m+fp/hard/crtn.o
 *(.fini)
 .fini          0x000000000800856c        0x4 c:/st/stm32cubeide_1.7.0/stm32cubeide/plugins/com.st.stm32cube.ide.mcu.externaltools.gnu-tools-for-stm32.9-2020-q2-update.win32_2.0.0.202105311346/tools/bin/../lib/gcc/arm-none-eabi/9.3.1/thumb/v7e-m+fp/hard/crti.o
                0x000000000800856c                _fini
 .fini          0x0000000008008570        0x8 c:/st/stm32cubeide_1.7.0/stm32cubeide/plugins/com.st.stm32cube.ide.mcu.externaltools.gnu-tools-for-stm32.9-2020-q2-update.win32_2.0.0.202105311346/tools/bin/../lib/gcc/arm-none-eabi/9.3.1/thumb/v7e-m+fp/hard/crtn.o
                0x0000000008008578                . = ALIGN (0x4)
                0x0000000008008578                _etext = .

.vfp11_veneer   0x0000000008008578        0x0
 .vfp11_veneer  0x0000000008008578        0x0 linker stubs

.v4_bx          0x0000000008008578        0x0
 .v4_bx         0x0000000008008578        0x0 linker stubs

.iplt           0x0000000008008578        0x0
 .iplt          0x0000000008008578        0x0 c:/st/stm32cubeide_1.7.0/stm32cubeide/plugins/com.st.stm32cube.ide.mcu.externaltools.gnu-tools-for-stm32.9-2020-q2-update.win32_2.0.0.202105311346/tools/bin/../lib/gcc/arm-none-eabi/9.3.1/thumb/v7e-m+fp/hard/crtbegin.o

.rodata         0x0000000008008578     0x1b34
                0x0000000008008578                . = ALIGN (0x4)
 *(.rodata)
 .rodata        0x0000000008008578       0x4e ./Core/Src/main.o
 *(.rodata*)
 *fill*         0x00000000080085c6        0x2 
 .rodata.nums_sym
                0x00000000080085c8        0xa ./Core/Src/my_lcd.o
                0x00000000080085c8                nums_sym
 *fill*         0x00000000080085d2        0x2 
 .rodata.AHBPrescTable
                0x00000000080085d4       0x10 ./Core/Src/system_stm32f7xx.o
                0x00000000080085d4                AHBPrescTable
 .rodata.APBPrescTable
                0x00000000080085e4        0x8 ./Core/Src/system_stm32f7xx.o
                0x00000000080085e4                APBPrescTable
 .rodata.flagBitshiftOffset.9016
                0x00000000080085ec        0x8 ./Drivers/STM32F7xx_HAL_Driver/Src/stm32f7xx_hal_dma.o
 .rodata.Font24_Table
                0x00000000080085f4     0x1ab8 ./GUI files/font24.o
                0x00000000080085f4                Font24_Table
                0x000000000800a0ac                . = ALIGN (0x4)

.ARM.extab      0x000000000800a0ac        0x0
                0x000000000800a0ac                . = ALIGN (0x4)
 *(.ARM.extab* .gnu.linkonce.armextab.*)
                0x000000000800a0ac                . = ALIGN (0x4)

.ARM            0x000000000800a0ac        0x8
                0x000000000800a0ac                . = ALIGN (0x4)
                0x000000000800a0ac                __exidx_start = .
 *(.ARM.exidx*)
 .ARM.exidx     0x000000000800a0ac        0x8 c:/st/stm32cubeide_1.7.0/stm32cubeide/plugins/com.st.stm32cube.ide.mcu.externaltools.gnu-tools-for-stm32.9-2020-q2-update.win32_2.0.0.202105311346/tools/bin/../lib/gcc/arm-none-eabi/9.3.1/thumb/v7e-m+fp/hard\libgcc.a(_udivmoddi4.o)
                0x000000000800a0b4                __exidx_end = .
                0x000000000800a0b4                . = ALIGN (0x4)

.rel.dyn        0x000000000800a0b4        0x0
 .rel.iplt      0x000000000800a0b4        0x0 c:/st/stm32cubeide_1.7.0/stm32cubeide/plugins/com.st.stm32cube.ide.mcu.externaltools.gnu-tools-for-stm32.9-2020-q2-update.win32_2.0.0.202105311346/tools/bin/../lib/gcc/arm-none-eabi/9.3.1/thumb/v7e-m+fp/hard/crtbegin.o

.preinit_array  0x000000000800a0b4        0x0
                0x000000000800a0b4                . = ALIGN (0x4)
                0x000000000800a0b4                PROVIDE (__preinit_array_start = .)
 *(.preinit_array*)
                0x000000000800a0b4                PROVIDE (__preinit_array_end = .)
                0x000000000800a0b4                . = ALIGN (0x4)

.init_array     0x000000000800a0b4        0x4
                0x000000000800a0b4                . = ALIGN (0x4)
                0x000000000800a0b4                PROVIDE (__init_array_start = .)
 *(SORT_BY_NAME(.init_array.*))
 *(.init_array*)
 .init_array    0x000000000800a0b4        0x4 c:/st/stm32cubeide_1.7.0/stm32cubeide/plugins/com.st.stm32cube.ide.mcu.externaltools.gnu-tools-for-stm32.9-2020-q2-update.win32_2.0.0.202105311346/tools/bin/../lib/gcc/arm-none-eabi/9.3.1/thumb/v7e-m+fp/hard/crtbegin.o
                0x000000000800a0b8                PROVIDE (__init_array_end = .)
                0x000000000800a0b8                . = ALIGN (0x4)

.fini_array     0x000000000800a0b8        0x4
                0x000000000800a0b8                . = ALIGN (0x4)
                [!provide]                        PROVIDE (__fini_array_start = .)
 *(SORT_BY_NAME(.fini_array.*))
 *(.fini_array*)
 .fini_array    0x000000000800a0b8        0x4 c:/st/stm32cubeide_1.7.0/stm32cubeide/plugins/com.st.stm32cube.ide.mcu.externaltools.gnu-tools-for-stm32.9-2020-q2-update.win32_2.0.0.202105311346/tools/bin/../lib/gcc/arm-none-eabi/9.3.1/thumb/v7e-m+fp/hard/crtbegin.o
                [!provide]                        PROVIDE (__fini_array_end = .)
                0x000000000800a0bc                . = ALIGN (0x4)
                0x000000000800a0bc                _sidata = LOADADDR (.data)

.data           0x0000000020000000       0xcc load address 0x000000000800a0bc
                0x0000000020000000                . = ALIGN (0x4)
                0x0000000020000000                _sdata = .
 *(.data)
 *(.data*)
 .data.nums_str
                0x0000000020000000       0x28 ./Core/Src/main.o
                0x0000000020000000                nums_str
 .data.SystemCoreClock
                0x0000000020000028        0x4 ./Core/Src/system_stm32f7xx.o
                0x0000000020000028                SystemCoreClock
 .data.uwTickPrio
                0x000000002000002c        0x4 ./Drivers/STM32F7xx_HAL_Driver/Src/stm32f7xx_hal.o
                0x000000002000002c                uwTickPrio
 .data.uwTickFreq
                0x0000000020000030        0x1 ./Drivers/STM32F7xx_HAL_Driver/Src/stm32f7xx_hal.o
                0x0000000020000030                uwTickFreq
 *fill*         0x0000000020000031        0x3 
 .data.Font24   0x0000000020000034        0x8 ./GUI files/font24.o
                0x0000000020000034                Font24
 .data.ft5336_ts_drv
                0x000000002000003c       0x28 ./GUI files/ft5336.o
                0x000000002000003c                ft5336_ts_drv
 .data.sdramstatus.8932
                0x0000000020000064        0x1 ./GUI files/stm32746g_discovery_sdram.o
 *fill*         0x0000000020000065        0x3 
 .data._impure_ptr
                0x0000000020000068        0x4 c:/st/stm32cubeide_1.7.0/stm32cubeide/plugins/com.st.stm32cube.ide.mcu.externaltools.gnu-tools-for-stm32.9-2020-q2-update.win32_2.0.0.202105311346/tools/bin/../lib/gcc/arm-none-eabi/9.3.1/../../../../arm-none-eabi/lib/thumb/v7e-m+fp/hard\libc_nano.a(lib_a-impure.o)
                0x0000000020000068                _impure_ptr
 .data.impure_data
                0x000000002000006c       0x60 c:/st/stm32cubeide_1.7.0/stm32cubeide/plugins/com.st.stm32cube.ide.mcu.externaltools.gnu-tools-for-stm32.9-2020-q2-update.win32_2.0.0.202105311346/tools/bin/../lib/gcc/arm-none-eabi/9.3.1/../../../../arm-none-eabi/lib/thumb/v7e-m+fp/hard\libc_nano.a(lib_a-impure.o)
 *(.RamFunc)
 *(.RamFunc*)
                0x00000000200000cc                . = ALIGN (0x4)
                0x00000000200000cc                _edata = .

.igot.plt       0x00000000200000cc        0x0 load address 0x000000000800a188
 .igot.plt      0x00000000200000cc        0x0 c:/st/stm32cubeide_1.7.0/stm32cubeide/plugins/com.st.stm32cube.ide.mcu.externaltools.gnu-tools-for-stm32.9-2020-q2-update.win32_2.0.0.202105311346/tools/bin/../lib/gcc/arm-none-eabi/9.3.1/thumb/v7e-m+fp/hard/crtbegin.o
                0x00000000200000cc                . = ALIGN (0x4)

.bss            0x00000000200000cc      0x410 load address 0x000000000800a188
                0x00000000200000cc                _sbss = .
                0x00000000200000cc                __bss_start__ = _sbss
 *(.bss)
 .bss           0x00000000200000cc       0x1c c:/st/stm32cubeide_1.7.0/stm32cubeide/plugins/com.st.stm32cube.ide.mcu.externaltools.gnu-tools-for-stm32.9-2020-q2-update.win32_2.0.0.202105311346/tools/bin/../lib/gcc/arm-none-eabi/9.3.1/thumb/v7e-m+fp/hard/crtbegin.o
 *(.bss*)
 .bss.count     0x00000000200000e8        0x4 ./Core/Src/main.o
                0x00000000200000e8                count
 .bss.rcv_flag  0x00000000200000ec        0x4 ./Core/Src/main.o
                0x00000000200000ec                rcv_flag
 .bss.__sbrk_heap_end
                0x00000000200000f0        0x4 ./Core/Src/sysmem.o
 .bss.ft5336_handle
                0x00000000200000f4        0x3 ./GUI files/ft5336.o
 *fill*         0x00000000200000f7        0x1 
 .bss.coord.5659
                0x00000000200000f8        0x2 ./GUI files/ft5336.o
 *fill*         0x00000000200000fa        0x2 
 .bss.hI2cAudioHandler
                0x00000000200000fc       0x4c ./GUI files/stm32746g_discovery.o
 .bss.hDma2dHandler
                0x0000000020000148       0x40 ./GUI files/stm32746g_discovery_lcd.o
 .bss.ActiveLayer
                0x0000000020000188        0x4 ./GUI files/stm32746g_discovery_lcd.o
 .bss.DrawProp  0x000000002000018c       0x18 ./GUI files/stm32746g_discovery_lcd.o
 .bss.periph_clk_init_struct.9499
                0x00000000200001a4       0x84 ./GUI files/stm32746g_discovery_lcd.o
 .bss.Timing    0x0000000020000228       0x1c ./GUI files/stm32746g_discovery_sdram.o
 .bss.Command   0x0000000020000244       0x10 ./GUI files/stm32746g_discovery_sdram.o
 .bss.dma_handle.8968
                0x0000000020000254       0x60 ./GUI files/stm32746g_discovery_sdram.o
 .bss.tsDriver  0x00000000200002b4        0x4 ./GUI files/stm32746g_discovery_ts.o
 .bss.tsXBoundary
                0x00000000200002b8        0x2 ./GUI files/stm32746g_discovery_ts.o
 .bss.tsYBoundary
                0x00000000200002ba        0x2 ./GUI files/stm32746g_discovery_ts.o
 .bss.tsOrientation
                0x00000000200002bc        0x1 ./GUI files/stm32746g_discovery_ts.o
 .bss.I2cAddress
                0x00000000200002bd        0x1 ./GUI files/stm32746g_discovery_ts.o
 *fill*         0x00000000200002be        0x2 
 .bss._x.9074   0x00000000200002c0       0x14 ./GUI files/stm32746g_discovery_ts.o
 .bss._y.9075   0x00000000200002d4       0x14 ./GUI files/stm32746g_discovery_ts.o
 .bss.__malloc_free_list
                0x00000000200002e8        0x4 c:/st/stm32cubeide_1.7.0/stm32cubeide/plugins/com.st.stm32cube.ide.mcu.externaltools.gnu-tools-for-stm32.9-2020-q2-update.win32_2.0.0.202105311346/tools/bin/../lib/gcc/arm-none-eabi/9.3.1/../../../../arm-none-eabi/lib/thumb/v7e-m+fp/hard\libc_nano.a(lib_a-nano-mallocr.o)
                0x00000000200002e8                __malloc_free_list
 .bss.__malloc_sbrk_start
                0x00000000200002ec        0x4 c:/st/stm32cubeide_1.7.0/stm32cubeide/plugins/com.st.stm32cube.ide.mcu.externaltools.gnu-tools-for-stm32.9-2020-q2-update.win32_2.0.0.202105311346/tools/bin/../lib/gcc/arm-none-eabi/9.3.1/../../../../arm-none-eabi/lib/thumb/v7e-m+fp/hard\libc_nano.a(lib_a-nano-mallocr.o)
                0x00000000200002ec                __malloc_sbrk_start
 *(COMMON)
 COMMON         0x00000000200002f0       0xfc ./Core/Src/main.o
                0x00000000200002f0                hcrc
                0x0000000020000314                rcv_buff
                0x0000000020000318                huart1
                0x000000002000039c                rcv_line
                0x00000000200003ac                hdma2d
 COMMON         0x00000000200003ec        0x4 ./Drivers/STM32F7xx_HAL_Driver/Src/stm32f7xx_hal.o
                0x00000000200003ec                uwTick
 COMMON         0x00000000200003f0       0xa8 ./GUI files/stm32746g_discovery_lcd.o
                0x00000000200003f0                hLtdcHandler
 COMMON         0x0000000020000498       0x34 ./GUI files/stm32746g_discovery_sdram.o
                0x0000000020000498                sdramHandle
 COMMON         0x00000000200004cc        0x4 c:/st/stm32cubeide_1.7.0/stm32cubeide/plugins/com.st.stm32cube.ide.mcu.externaltools.gnu-tools-for-stm32.9-2020-q2-update.win32_2.0.0.202105311346/tools/bin/../lib/gcc/arm-none-eabi/9.3.1/../../../../arm-none-eabi/lib/thumb/v7e-m+fp/hard\libc_nano.a(lib_a-reent.o)
                0x00000000200004cc                errno
 COMMON         0x00000000200004d0        0x9 c:/st/stm32cubeide_1.7.0/stm32cubeide/plugins/com.st.stm32cube.ide.mcu.externaltools.gnu-tools-for-stm32.9-2020-q2-update.win32_2.0.0.202105311346/tools/bin/../lib/gcc/arm-none-eabi/9.3.1/../../../../arm-none-eabi/lib/thumb/v7e-m+fp/hard\libc_nano.a(lib_a-lock.o)
                0x00000000200004d0                __lock___atexit_recursive_mutex
                0x00000000200004d1                __lock___arc4random_mutex
                0x00000000200004d2                __lock___env_recursive_mutex
                0x00000000200004d3                __lock___sinit_recursive_mutex
                0x00000000200004d4                __lock___malloc_recursive_mutex
                0x00000000200004d5                __lock___at_quick_exit_mutex
                0x00000000200004d6                __lock___dd_hash_mutex
                0x00000000200004d7                __lock___tz_mutex
                0x00000000200004d8                __lock___sfp_recursive_mutex
                0x00000000200004dc                . = ALIGN (0x4)
 *fill*         0x00000000200004d9        0x3 
                0x00000000200004dc                _ebss = .
                0x00000000200004dc                __bss_end__ = _ebss

._user_heap_stack
                0x00000000200004dc      0x604 load address 0x000000000800a188
                0x00000000200004e0                . = ALIGN (0x8)
 *fill*         0x00000000200004dc        0x4 
                [!provide]                        PROVIDE (end = .)
                0x00000000200004e0                PROVIDE (_end = .)
                0x00000000200006e0                . = (. + _Min_Heap_Size)
 *fill*         0x00000000200004e0      0x200 
                0x0000000020000ae0                . = (. + _Min_Stack_Size)
 *fill*         0x00000000200006e0      0x400 
                0x0000000020000ae0                . = ALIGN (0x8)

/DISCARD/
 libc.a(*)
 libm.a(*)
 libgcc.a(*)

.ARM.attributes
                0x0000000000000000       0x30
 *(.ARM.attributes)
 .ARM.attributes
                0x0000000000000000       0x1e c:/st/stm32cubeide_1.7.0/stm32cubeide/plugins/com.st.stm32cube.ide.mcu.externaltools.gnu-tools-for-stm32.9-2020-q2-update.win32_2.0.0.202105311346/tools/bin/../lib/gcc/arm-none-eabi/9.3.1/thumb/v7e-m+fp/hard/crti.o
 .ARM.attributes
                0x000000000000001e       0x34 c:/st/stm32cubeide_1.7.0/stm32cubeide/plugins/com.st.stm32cube.ide.mcu.externaltools.gnu-tools-for-stm32.9-2020-q2-update.win32_2.0.0.202105311346/tools/bin/../lib/gcc/arm-none-eabi/9.3.1/thumb/v7e-m+fp/hard/crtbegin.o
 .ARM.attributes
                0x0000000000000052       0x34 ./Core/Src/main.o
 .ARM.attributes
                0x0000000000000086       0x34 ./Core/Src/my_lcd.o
 .ARM.attributes
                0x00000000000000ba       0x34 ./Core/Src/stm32f7xx_hal_msp.o
 .ARM.attributes
                0x00000000000000ee       0x34 ./Core/Src/stm32f7xx_it.o
 .ARM.attributes
                0x0000000000000122       0x34 ./Core/Src/sysmem.o
 .ARM.attributes
                0x0000000000000156       0x34 ./Core/Src/system_stm32f7xx.o
 .ARM.attributes
                0x000000000000018a       0x21 ./Core/Startup/startup_stm32f746nghx.o
 .ARM.attributes
                0x00000000000001ab       0x34 ./Drivers/STM32F7xx_HAL_Driver/Src/stm32f7xx_hal.o
 .ARM.attributes
                0x00000000000001df       0x34 ./Drivers/STM32F7xx_HAL_Driver/Src/stm32f7xx_hal_cortex.o
 .ARM.attributes
                0x0000000000000213       0x34 ./Drivers/STM32F7xx_HAL_Driver/Src/stm32f7xx_hal_crc.o
 .ARM.attributes
                0x0000000000000247       0x34 ./Drivers/STM32F7xx_HAL_Driver/Src/stm32f7xx_hal_crc_ex.o
 .ARM.attributes
                0x000000000000027b       0x34 ./Drivers/STM32F7xx_HAL_Driver/Src/stm32f7xx_hal_dma.o
 .ARM.attributes
                0x00000000000002af       0x34 ./Drivers/STM32F7xx_HAL_Driver/Src/stm32f7xx_hal_dma2d.o
 .ARM.attributes
                0x00000000000002e3       0x34 ./Drivers/STM32F7xx_HAL_Driver/Src/stm32f7xx_hal_gpio.o
 .ARM.attributes
                0x0000000000000317       0x34 ./Drivers/STM32F7xx_HAL_Driver/Src/stm32f7xx_hal_i2c.o
 .ARM.attributes
                0x000000000000034b       0x34 ./Drivers/STM32F7xx_HAL_Driver/Src/stm32f7xx_hal_ltdc.o
 .ARM.attributes
                0x000000000000037f       0x34 ./Drivers/STM32F7xx_HAL_Driver/Src/stm32f7xx_hal_pwr_ex.o
 .ARM.attributes
                0x00000000000003b3       0x34 ./Drivers/STM32F7xx_HAL_Driver/Src/stm32f7xx_hal_rcc.o
 .ARM.attributes
                0x00000000000003e7       0x34 ./Drivers/STM32F7xx_HAL_Driver/Src/stm32f7xx_hal_rcc_ex.o
 .ARM.attributes
                0x000000000000041b       0x34 ./Drivers/STM32F7xx_HAL_Driver/Src/stm32f7xx_hal_sdram.o
 .ARM.attributes
                0x000000000000044f       0x34 ./Drivers/STM32F7xx_HAL_Driver/Src/stm32f7xx_hal_uart.o
 .ARM.attributes
                0x0000000000000483       0x34 ./Drivers/STM32F7xx_HAL_Driver/Src/stm32f7xx_ll_fmc.o
 .ARM.attributes
                0x00000000000004b7       0x39 ./GUI files/font24.o
 .ARM.attributes
                0x00000000000004f0       0x34 ./GUI files/ft5336.o
 .ARM.attributes
                0x0000000000000524       0x34 ./GUI files/stm32746g_discovery.o
 .ARM.attributes
                0x0000000000000558       0x34 ./GUI files/stm32746g_discovery_lcd.o
 .ARM.attributes
                0x000000000000058c       0x34 ./GUI files/stm32746g_discovery_sdram.o
 .ARM.attributes
                0x00000000000005c0       0x34 ./GUI files/stm32746g_discovery_ts.o
 .ARM.attributes
                0x00000000000005f4       0x34 c:/st/stm32cubeide_1.7.0/stm32cubeide/plugins/com.st.stm32cube.ide.mcu.externaltools.gnu-tools-for-stm32.9-2020-q2-update.win32_2.0.0.202105311346/tools/bin/../lib/gcc/arm-none-eabi/9.3.1/../../../../arm-none-eabi/lib/thumb/v7e-m+fp/hard\libc_nano.a(lib_a-calloc.o)
 .ARM.attributes
                0x0000000000000628       0x34 c:/st/stm32cubeide_1.7.0/stm32cubeide/plugins/com.st.stm32cube.ide.mcu.externaltools.gnu-tools-for-stm32.9-2020-q2-update.win32_2.0.0.202105311346/tools/bin/../lib/gcc/arm-none-eabi/9.3.1/../../../../arm-none-eabi/lib/thumb/v7e-m+fp/hard\libc_nano.a(lib_a-errno.o)
 .ARM.attributes
                0x000000000000065c       0x32 c:/st/stm32cubeide_1.7.0/stm32cubeide/plugins/com.st.stm32cube.ide.mcu.externaltools.gnu-tools-for-stm32.9-2020-q2-update.win32_2.0.0.202105311346/tools/bin/../lib/gcc/arm-none-eabi/9.3.1/../../../../arm-none-eabi/lib/thumb/v7e-m+fp/hard\libc_nano.a(lib_a-impure.o)
 .ARM.attributes
                0x000000000000068e       0x34 c:/st/stm32cubeide_1.7.0/stm32cubeide/plugins/com.st.stm32cube.ide.mcu.externaltools.gnu-tools-for-stm32.9-2020-q2-update.win32_2.0.0.202105311346/tools/bin/../lib/gcc/arm-none-eabi/9.3.1/../../../../arm-none-eabi/lib/thumb/v7e-m+fp/hard\libc_nano.a(lib_a-init.o)
 .ARM.attributes
                0x00000000000006c2       0x34 c:/st/stm32cubeide_1.7.0/stm32cubeide/plugins/com.st.stm32cube.ide.mcu.externaltools.gnu-tools-for-stm32.9-2020-q2-update.win32_2.0.0.202105311346/tools/bin/../lib/gcc/arm-none-eabi/9.3.1/../../../../arm-none-eabi/lib/thumb/v7e-m+fp/hard\libc_nano.a(lib_a-memset.o)
 .ARM.attributes
                0x00000000000006f6       0x34 c:/st/stm32cubeide_1.7.0/stm32cubeide/plugins/com.st.stm32cube.ide.mcu.externaltools.gnu-tools-for-stm32.9-2020-q2-update.win32_2.0.0.202105311346/tools/bin/../lib/gcc/arm-none-eabi/9.3.1/../../../../arm-none-eabi/lib/thumb/v7e-m+fp/hard\libc_nano.a(lib_a-nano-callocr.o)
 .ARM.attributes
                0x000000000000072a       0x34 c:/st/stm32cubeide_1.7.0/stm32cubeide/plugins/com.st.stm32cube.ide.mcu.externaltools.gnu-tools-for-stm32.9-2020-q2-update.win32_2.0.0.202105311346/tools/bin/../lib/gcc/arm-none-eabi/9.3.1/../../../../arm-none-eabi/lib/thumb/v7e-m+fp/hard\libc_nano.a(lib_a-nano-mallocr.o)
 .ARM.attributes
                0x000000000000075e       0x34 c:/st/stm32cubeide_1.7.0/stm32cubeide/plugins/com.st.stm32cube.ide.mcu.externaltools.gnu-tools-for-stm32.9-2020-q2-update.win32_2.0.0.202105311346/tools/bin/../lib/gcc/arm-none-eabi/9.3.1/../../../../arm-none-eabi/lib/thumb/v7e-m+fp/hard\libc_nano.a(lib_a-sbrkr.o)
 .ARM.attributes
                0x0000000000000792       0x34 c:/st/stm32cubeide_1.7.0/stm32cubeide/plugins/com.st.stm32cube.ide.mcu.externaltools.gnu-tools-for-stm32.9-2020-q2-update.win32_2.0.0.202105311346/tools/bin/../lib/gcc/arm-none-eabi/9.3.1/../../../../arm-none-eabi/lib/thumb/v7e-m+fp/hard\libc_nano.a(lib_a-mlock.o)
 .ARM.attributes
                0x00000000000007c6       0x34 c:/st/stm32cubeide_1.7.0/stm32cubeide/plugins/com.st.stm32cube.ide.mcu.externaltools.gnu-tools-for-stm32.9-2020-q2-update.win32_2.0.0.202105311346/tools/bin/../lib/gcc/arm-none-eabi/9.3.1/../../../../arm-none-eabi/lib/thumb/v7e-m+fp/hard\libc_nano.a(lib_a-reent.o)
 .ARM.attributes
                0x00000000000007fa       0x34 c:/st/stm32cubeide_1.7.0/stm32cubeide/plugins/com.st.stm32cube.ide.mcu.externaltools.gnu-tools-for-stm32.9-2020-q2-update.win32_2.0.0.202105311346/tools/bin/../lib/gcc/arm-none-eabi/9.3.1/../../../../arm-none-eabi/lib/thumb/v7e-m+fp/hard\libc_nano.a(lib_a-lock.o)
 .ARM.attributes
                0x000000000000082e       0x1e c:/st/stm32cubeide_1.7.0/stm32cubeide/plugins/com.st.stm32cube.ide.mcu.externaltools.gnu-tools-for-stm32.9-2020-q2-update.win32_2.0.0.202105311346/tools/bin/../lib/gcc/arm-none-eabi/9.3.1/thumb/v7e-m+fp/hard\libgcc.a(_aeabi_uldivmod.o)
 .ARM.attributes
                0x000000000000084c       0x34 c:/st/stm32cubeide_1.7.0/stm32cubeide/plugins/com.st.stm32cube.ide.mcu.externaltools.gnu-tools-for-stm32.9-2020-q2-update.win32_2.0.0.202105311346/tools/bin/../lib/gcc/arm-none-eabi/9.3.1/thumb/v7e-m+fp/hard\libgcc.a(_udivmoddi4.o)
 .ARM.attributes
                0x0000000000000880       0x1e c:/st/stm32cubeide_1.7.0/stm32cubeide/plugins/com.st.stm32cube.ide.mcu.externaltools.gnu-tools-for-stm32.9-2020-q2-update.win32_2.0.0.202105311346/tools/bin/../lib/gcc/arm-none-eabi/9.3.1/thumb/v7e-m+fp/hard\libgcc.a(_dvmd_tls.o)
 .ARM.attributes
                0x000000000000089e       0x1e c:/st/stm32cubeide_1.7.0/stm32cubeide/plugins/com.st.stm32cube.ide.mcu.externaltools.gnu-tools-for-stm32.9-2020-q2-update.win32_2.0.0.202105311346/tools/bin/../lib/gcc/arm-none-eabi/9.3.1/thumb/v7e-m+fp/hard/crtn.o
OUTPUT(LCD_test.elf elf32-littlearm)
LOAD linker stubs
LOAD c:/st/stm32cubeide_1.7.0/stm32cubeide/plugins/com.st.stm32cube.ide.mcu.externaltools.gnu-tools-for-stm32.9-2020-q2-update.win32_2.0.0.202105311346/tools/bin/../lib/gcc/arm-none-eabi/9.3.1/../../../../arm-none-eabi/lib/thumb/v7e-m+fp/hard\libc.a
LOAD c:/st/stm32cubeide_1.7.0/stm32cubeide/plugins/com.st.stm32cube.ide.mcu.externaltools.gnu-tools-for-stm32.9-2020-q2-update.win32_2.0.0.202105311346/tools/bin/../lib/gcc/arm-none-eabi/9.3.1/../../../../arm-none-eabi/lib/thumb/v7e-m+fp/hard\libm.a
LOAD c:/st/stm32cubeide_1.7.0/stm32cubeide/plugins/com.st.stm32cube.ide.mcu.externaltools.gnu-tools-for-stm32.9-2020-q2-update.win32_2.0.0.202105311346/tools/bin/../lib/gcc/arm-none-eabi/9.3.1/thumb/v7e-m+fp/hard\libgcc.a

.debug_info     0x0000000000000000    0x1c03d
 .debug_info    0x0000000000000000     0x280c ./Core/Src/main.o
 .debug_info    0x000000000000280c     0x123d ./Core/Src/my_lcd.o
 .debug_info    0x0000000000003a49     0x14e3 ./Core/Src/stm32f7xx_hal_msp.o
 .debug_info    0x0000000000004f2c      0xd98 ./Core/Src/stm32f7xx_it.o
 .debug_info    0x0000000000005cc4      0xa25 ./Core/Src/sysmem.o
 .debug_info    0x00000000000066e9      0x7ad ./Core/Src/system_stm32f7xx.o
 .debug_info    0x0000000000006e96       0x22 ./Core/Startup/startup_stm32f746nghx.o
 .debug_info    0x0000000000006eb8      0xaba ./Drivers/STM32F7xx_HAL_Driver/Src/stm32f7xx_hal.o
 .debug_info    0x0000000000007972     0x1116 ./Drivers/STM32F7xx_HAL_Driver/Src/stm32f7xx_hal_cortex.o
 .debug_info    0x0000000000008a88      0x630 ./Drivers/STM32F7xx_HAL_Driver/Src/stm32f7xx_hal_crc.o
 .debug_info    0x00000000000090b8      0x463 ./Drivers/STM32F7xx_HAL_Driver/Src/stm32f7xx_hal_crc_ex.o
 .debug_info    0x000000000000951b      0x9f1 ./Drivers/STM32F7xx_HAL_Driver/Src/stm32f7xx_hal_dma.o
 .debug_info    0x0000000000009f0c     0x1067 ./Drivers/STM32F7xx_HAL_Driver/Src/stm32f7xx_hal_dma2d.o
 .debug_info    0x000000000000af73      0x868 ./Drivers/STM32F7xx_HAL_Driver/Src/stm32f7xx_hal_gpio.o
 .debug_info    0x000000000000b7db     0x228e ./Drivers/STM32F7xx_HAL_Driver/Src/stm32f7xx_hal_i2c.o
 .debug_info    0x000000000000da69     0x11fe ./Drivers/STM32F7xx_HAL_Driver/Src/stm32f7xx_hal_ltdc.o
 .debug_info    0x000000000000ec67      0x9f6 ./Drivers/STM32F7xx_HAL_Driver/Src/stm32f7xx_hal_pwr_ex.o
 .debug_info    0x000000000000f65d      0x9cc ./Drivers/STM32F7xx_HAL_Driver/Src/stm32f7xx_hal_rcc.o
 .debug_info    0x0000000000010029      0x82c ./Drivers/STM32F7xx_HAL_Driver/Src/stm32f7xx_hal_rcc_ex.o
 .debug_info    0x0000000000010855      0xd59 ./Drivers/STM32F7xx_HAL_Driver/Src/stm32f7xx_hal_sdram.o
 .debug_info    0x00000000000115ae     0x3cd4 ./Drivers/STM32F7xx_HAL_Driver/Src/stm32f7xx_hal_uart.o
 .debug_info    0x0000000000015282      0xd96 ./Drivers/STM32F7xx_HAL_Driver/Src/stm32f7xx_ll_fmc.o
 .debug_info    0x0000000000016018      0x157 ./GUI files/font24.o
 .debug_info    0x000000000001616f      0x5dc ./GUI files/ft5336.o
 .debug_info    0x000000000001674b     0x1b49 ./GUI files/stm32746g_discovery.o
 .debug_info    0x0000000000018294     0x237f ./GUI files/stm32746g_discovery_lcd.o
 .debug_info    0x000000000001a613      0xfe8 ./GUI files/stm32746g_discovery_sdram.o
 .debug_info    0x000000000001b5fb      0xa42 ./GUI files/stm32746g_discovery_ts.o

.debug_abbrev   0x0000000000000000     0x399b
 .debug_abbrev  0x0000000000000000      0x32d ./Core/Src/main.o
 .debug_abbrev  0x000000000000032d      0x2ab ./Core/Src/my_lcd.o
 .debug_abbrev  0x00000000000005d8      0x1fc ./Core/Src/stm32f7xx_hal_msp.o
 .debug_abbrev  0x00000000000007d4      0x17f ./Core/Src/stm32f7xx_it.o
 .debug_abbrev  0x0000000000000953      0x1bf ./Core/Src/sysmem.o
 .debug_abbrev  0x0000000000000b12      0x165 ./Core/Src/system_stm32f7xx.o
 .debug_abbrev  0x0000000000000c77       0x12 ./Core/Startup/startup_stm32f746nghx.o
 .debug_abbrev  0x0000000000000c89      0x1ed ./Drivers/STM32F7xx_HAL_Driver/Src/stm32f7xx_hal.o
 .debug_abbrev  0x0000000000000e76      0x33c ./Drivers/STM32F7xx_HAL_Driver/Src/stm32f7xx_hal_cortex.o
 .debug_abbrev  0x00000000000011b2      0x1f9 ./Drivers/STM32F7xx_HAL_Driver/Src/stm32f7xx_hal_crc.o
 .debug_abbrev  0x00000000000013ab      0x185 ./Drivers/STM32F7xx_HAL_Driver/Src/stm32f7xx_hal_crc_ex.o
 .debug_abbrev  0x0000000000001530      0x259 ./Drivers/STM32F7xx_HAL_Driver/Src/stm32f7xx_hal_dma.o
 .debug_abbrev  0x0000000000001789      0x23f ./Drivers/STM32F7xx_HAL_Driver/Src/stm32f7xx_hal_dma2d.o
 .debug_abbrev  0x00000000000019c8      0x1f1 ./Drivers/STM32F7xx_HAL_Driver/Src/stm32f7xx_hal_gpio.o
 .debug_abbrev  0x0000000000001bb9      0x256 ./Drivers/STM32F7xx_HAL_Driver/Src/stm32f7xx_hal_i2c.o
 .debug_abbrev  0x0000000000001e0f      0x260 ./Drivers/STM32F7xx_HAL_Driver/Src/stm32f7xx_hal_ltdc.o
 .debug_abbrev  0x000000000000206f      0x1dc ./Drivers/STM32F7xx_HAL_Driver/Src/stm32f7xx_hal_pwr_ex.o
 .debug_abbrev  0x000000000000224b      0x246 ./Drivers/STM32F7xx_HAL_Driver/Src/stm32f7xx_hal_rcc.o
 .debug_abbrev  0x0000000000002491      0x1d1 ./Drivers/STM32F7xx_HAL_Driver/Src/stm32f7xx_hal_rcc_ex.o
 .debug_abbrev  0x0000000000002662      0x221 ./Drivers/STM32F7xx_HAL_Driver/Src/stm32f7xx_hal_sdram.o
 .debug_abbrev  0x0000000000002883      0x2b3 ./Drivers/STM32F7xx_HAL_Driver/Src/stm32f7xx_hal_uart.o
 .debug_abbrev  0x0000000000002b36      0x18e ./Drivers/STM32F7xx_HAL_Driver/Src/stm32f7xx_ll_fmc.o
 .debug_abbrev  0x0000000000002cc4       0xb1 ./GUI files/font24.o
 .debug_abbrev  0x0000000000002d75      0x212 ./GUI files/ft5336.o
 .debug_abbrev  0x0000000000002f87      0x2bd ./GUI files/stm32746g_discovery.o
 .debug_abbrev  0x0000000000003244      0x2ba ./GUI files/stm32746g_discovery_lcd.o
 .debug_abbrev  0x00000000000034fe      0x244 ./GUI files/stm32746g_discovery_sdram.o
 .debug_abbrev  0x0000000000003742      0x259 ./GUI files/stm32746g_discovery_ts.o

.debug_aranges  0x0000000000000000     0x1440
 .debug_aranges
                0x0000000000000000       0x70 ./Core/Src/main.o
 .debug_aranges
                0x0000000000000070       0x88 ./Core/Src/my_lcd.o
 .debug_aranges
                0x00000000000000f8       0x50 ./Core/Src/stm32f7xx_hal_msp.o
 .debug_aranges
                0x0000000000000148       0x78 ./Core/Src/stm32f7xx_it.o
 .debug_aranges
                0x00000000000001c0       0x20 ./Core/Src/sysmem.o
 .debug_aranges
                0x00000000000001e0       0x28 ./Core/Src/system_stm32f7xx.o
 .debug_aranges
                0x0000000000000208       0x28 ./Core/Startup/startup_stm32f746nghx.o
 .debug_aranges
                0x0000000000000230      0x100 ./Drivers/STM32F7xx_HAL_Driver/Src/stm32f7xx_hal.o
 .debug_aranges
                0x0000000000000330      0x118 ./Drivers/STM32F7xx_HAL_Driver/Src/stm32f7xx_hal_cortex.o
 .debug_aranges
                0x0000000000000448       0x60 ./Drivers/STM32F7xx_HAL_Driver/Src/stm32f7xx_hal_crc.o
 .debug_aranges
                0x00000000000004a8       0x30 ./Drivers/STM32F7xx_HAL_Driver/Src/stm32f7xx_hal_crc_ex.o
 .debug_aranges
                0x00000000000004d8       0x90 ./Drivers/STM32F7xx_HAL_Driver/Src/stm32f7xx_hal_dma.o
 .debug_aranges
                0x0000000000000568      0x118 ./Drivers/STM32F7xx_HAL_Driver/Src/stm32f7xx_hal_dma2d.o
 .debug_aranges
                0x0000000000000680       0x58 ./Drivers/STM32F7xx_HAL_Driver/Src/stm32f7xx_hal_gpio.o
 .debug_aranges
                0x00000000000006d8      0x290 ./Drivers/STM32F7xx_HAL_Driver/Src/stm32f7xx_hal_i2c.o
 .debug_aranges
                0x0000000000000968      0x158 ./Drivers/STM32F7xx_HAL_Driver/Src/stm32f7xx_hal_ltdc.o
 .debug_aranges
                0x0000000000000ac0       0x80 ./Drivers/STM32F7xx_HAL_Driver/Src/stm32f7xx_hal_pwr_ex.o
 .debug_aranges
                0x0000000000000b40       0x88 ./Drivers/STM32F7xx_HAL_Driver/Src/stm32f7xx_hal_rcc.o
 .debug_aranges
                0x0000000000000bc8       0x50 ./Drivers/STM32F7xx_HAL_Driver/Src/stm32f7xx_hal_rcc_ex.o
 .debug_aranges
                0x0000000000000c18       0xd0 ./Drivers/STM32F7xx_HAL_Driver/Src/stm32f7xx_hal_sdram.o
 .debug_aranges
                0x0000000000000ce8      0x228 ./Drivers/STM32F7xx_HAL_Driver/Src/stm32f7xx_hal_uart.o
 .debug_aranges
                0x0000000000000f10       0xc8 ./Drivers/STM32F7xx_HAL_Driver/Src/stm32f7xx_ll_fmc.o
 .debug_aranges
                0x0000000000000fd8       0x18 ./GUI files/font24.o
 .debug_aranges
                0x0000000000000ff0       0x90 ./GUI files/ft5336.o
 .debug_aranges
                0x0000000000001080      0x128 ./GUI files/stm32746g_discovery.o
 .debug_aranges
                0x00000000000011a8      0x1d8 ./GUI files/stm32746g_discovery_lcd.o
 .debug_aranges
                0x0000000000001380       0x68 ./GUI files/stm32746g_discovery_sdram.o
 .debug_aranges
                0x00000000000013e8       0x58 ./GUI files/stm32746g_discovery_ts.o

.debug_ranges   0x0000000000000000     0x12b0
 .debug_ranges  0x0000000000000000       0x60 ./Core/Src/main.o
 .debug_ranges  0x0000000000000060       0x78 ./Core/Src/my_lcd.o
 .debug_ranges  0x00000000000000d8       0x40 ./Core/Src/stm32f7xx_hal_msp.o
 .debug_ranges  0x0000000000000118       0x68 ./Core/Src/stm32f7xx_it.o
 .debug_ranges  0x0000000000000180       0x10 ./Core/Src/sysmem.o
 .debug_ranges  0x0000000000000190       0x18 ./Core/Src/system_stm32f7xx.o
 .debug_ranges  0x00000000000001a8       0x20 ./Core/Startup/startup_stm32f746nghx.o
 .debug_ranges  0x00000000000001c8       0xf0 ./Drivers/STM32F7xx_HAL_Driver/Src/stm32f7xx_hal.o
 .debug_ranges  0x00000000000002b8      0x108 ./Drivers/STM32F7xx_HAL_Driver/Src/stm32f7xx_hal_cortex.o
 .debug_ranges  0x00000000000003c0       0x50 ./Drivers/STM32F7xx_HAL_Driver/Src/stm32f7xx_hal_crc.o
 .debug_ranges  0x0000000000000410       0x20 ./Drivers/STM32F7xx_HAL_Driver/Src/stm32f7xx_hal_crc_ex.o
 .debug_ranges  0x0000000000000430       0x80 ./Drivers/STM32F7xx_HAL_Driver/Src/stm32f7xx_hal_dma.o
 .debug_ranges  0x00000000000004b0      0x108 ./Drivers/STM32F7xx_HAL_Driver/Src/stm32f7xx_hal_dma2d.o
 .debug_ranges  0x00000000000005b8       0x48 ./Drivers/STM32F7xx_HAL_Driver/Src/stm32f7xx_hal_gpio.o
 .debug_ranges  0x0000000000000600      0x280 ./Drivers/STM32F7xx_HAL_Driver/Src/stm32f7xx_hal_i2c.o
 .debug_ranges  0x0000000000000880      0x148 ./Drivers/STM32F7xx_HAL_Driver/Src/stm32f7xx_hal_ltdc.o
 .debug_ranges  0x00000000000009c8       0x70 ./Drivers/STM32F7xx_HAL_Driver/Src/stm32f7xx_hal_pwr_ex.o
 .debug_ranges  0x0000000000000a38       0x78 ./Drivers/STM32F7xx_HAL_Driver/Src/stm32f7xx_hal_rcc.o
 .debug_ranges  0x0000000000000ab0       0x40 ./Drivers/STM32F7xx_HAL_Driver/Src/stm32f7xx_hal_rcc_ex.o
 .debug_ranges  0x0000000000000af0       0xc0 ./Drivers/STM32F7xx_HAL_Driver/Src/stm32f7xx_hal_sdram.o
 .debug_ranges  0x0000000000000bb0      0x248 ./Drivers/STM32F7xx_HAL_Driver/Src/stm32f7xx_hal_uart.o
 .debug_ranges  0x0000000000000df8       0xb8 ./Drivers/STM32F7xx_HAL_Driver/Src/stm32f7xx_ll_fmc.o
 .debug_ranges  0x0000000000000eb0       0x80 ./GUI files/ft5336.o
 .debug_ranges  0x0000000000000f30      0x118 ./GUI files/stm32746g_discovery.o
 .debug_ranges  0x0000000000001048      0x1c8 ./GUI files/stm32746g_discovery_lcd.o
 .debug_ranges  0x0000000000001210       0x58 ./GUI files/stm32746g_discovery_sdram.o
 .debug_ranges  0x0000000000001268       0x48 ./GUI files/stm32746g_discovery_ts.o

.debug_macro    0x0000000000000000    0x28b2c
 .debug_macro   0x0000000000000000      0x45b ./Core/Src/main.o
 .debug_macro   0x000000000000045b      0xaa8 ./Core/Src/main.o
 .debug_macro   0x0000000000000f03      0x2a5 ./Core/Src/main.o
 .debug_macro   0x00000000000011a8       0x2e ./Core/Src/main.o
 .debug_macro   0x00000000000011d6       0x3b ./Core/Src/main.o
 .debug_macro   0x0000000000001211       0x22 ./Core/Src/main.o
 .debug_macro   0x0000000000001233       0x8e ./Core/Src/main.o
 .debug_macro   0x00000000000012c1       0x51 ./Core/Src/main.o
 .debug_macro   0x0000000000001312      0x103 ./Core/Src/main.o
 .debug_macro   0x0000000000001415       0x6a ./Core/Src/main.o
 .debug_macro   0x000000000000147f      0x1df ./Core/Src/main.o
 .debug_macro   0x000000000000165e       0x1c ./Core/Src/main.o
 .debug_macro   0x000000000000167a       0x22 ./Core/Src/main.o
 .debug_macro   0x000000000000169c       0xdf ./Core/Src/main.o
 .debug_macro   0x000000000000177b     0x12cd ./Core/Src/main.o
 .debug_macro   0x0000000000002a48      0x11f ./Core/Src/main.o
 .debug_macro   0x0000000000002b67       0x19 ./Core/Src/main.o
 .debug_macro   0x0000000000002b80    0x191da ./Core/Src/main.o
 .debug_macro   0x000000000001bd5a       0x6d ./Core/Src/main.o
 .debug_macro   0x000000000001bdc7     0x3714 ./Core/Src/main.o
 .debug_macro   0x000000000001f4db      0x174 ./Core/Src/main.o
 .debug_macro   0x000000000001f64f       0x63 ./Core/Src/main.o
 .debug_macro   0x000000000001f6b2     0x18ad ./Core/Src/main.o
 .debug_macro   0x0000000000020f5f      0x6c4 ./Core/Src/main.o
 .debug_macro   0x0000000000021623      0x185 ./Core/Src/main.o
 .debug_macro   0x00000000000217a8      0x115 ./Core/Src/main.o
 .debug_macro   0x00000000000218bd      0x1fd ./Core/Src/main.o
 .debug_macro   0x0000000000021aba       0xa5 ./Core/Src/main.o
 .debug_macro   0x0000000000021b5f      0x24f ./Core/Src/main.o
 .debug_macro   0x0000000000021dae       0x41 ./Core/Src/main.o
 .debug_macro   0x0000000000021def       0x58 ./Core/Src/main.o
 .debug_macro   0x0000000000021e47      0x236 ./Core/Src/main.o
 .debug_macro   0x000000000002207d       0xc7 ./Core/Src/main.o
 .debug_macro   0x0000000000022144       0x4c ./Core/Src/main.o
 .debug_macro   0x0000000000022190      0x208 ./Core/Src/main.o
 .debug_macro   0x0000000000022398      0x14e ./Core/Src/main.o
 .debug_macro   0x00000000000224e6      0x25a ./Core/Src/main.o
 .debug_macro   0x0000000000022740       0x12 ./Core/Src/main.o
 .debug_macro   0x0000000000022752      0x516 ./Core/Src/main.o
 .debug_macro   0x0000000000022c68      0x22c ./Core/Src/main.o
 .debug_macro   0x0000000000022e94       0x61 ./Core/Src/main.o
 .debug_macro   0x0000000000022ef5       0xa5 ./Core/Src/main.o
 .debug_macro   0x0000000000022f9a      0x255 ./Core/Src/main.o
 .debug_macro   0x00000000000231ef      0x12e ./Core/Src/main.o
 .debug_macro   0x000000000002331d      0x108 ./Core/Src/main.o
 .debug_macro   0x0000000000023425       0x35 ./Core/Src/main.o
 .debug_macro   0x000000000002345a      0x558 ./Core/Src/main.o
 .debug_macro   0x00000000000239b2       0x44 ./Core/Src/main.o
 .debug_macro   0x00000000000239f6      0x14d ./Core/Src/main.o
 .debug_macro   0x0000000000023b43      0x268 ./Core/Src/main.o
 .debug_macro   0x0000000000023dab       0xa0 ./Core/Src/main.o
 .debug_macro   0x0000000000023e4b       0x10 ./Core/Src/main.o
 .debug_macro   0x0000000000023e5b      0x39e ./Core/Src/main.o
 .debug_macro   0x00000000000241f9       0x2e ./Core/Src/main.o
 .debug_macro   0x0000000000024227       0x40 ./Core/Src/main.o
 .debug_macro   0x0000000000024267       0x10 ./Core/Src/main.o
 .debug_macro   0x0000000000024277      0x12b ./Core/Src/main.o
 .debug_macro   0x00000000000243a2       0x10 ./Core/Src/main.o
 .debug_macro   0x00000000000243b2       0x52 ./Core/Src/main.o
 .debug_macro   0x0000000000024404       0x18 ./Core/Src/main.o
 .debug_macro   0x000000000002441c       0x3c ./Core/Src/main.o
 .debug_macro   0x0000000000024458       0x34 ./Core/Src/main.o
 .debug_macro   0x000000000002448c       0x16 ./Core/Src/main.o
 .debug_macro   0x00000000000244a2       0x35 ./Core/Src/main.o
 .debug_macro   0x00000000000244d7      0x333 ./Core/Src/main.o
 .debug_macro   0x000000000002480a       0x10 ./Core/Src/main.o
 .debug_macro   0x000000000002481a       0x16 ./Core/Src/main.o
 .debug_macro   0x0000000000024830       0x43 ./Core/Src/main.o
 .debug_macro   0x0000000000024873       0x34 ./Core/Src/main.o
 .debug_macro   0x00000000000248a7       0x10 ./Core/Src/main.o
 .debug_macro   0x00000000000248b7       0x58 ./Core/Src/main.o
 .debug_macro   0x000000000002490f       0x71 ./Core/Src/main.o
 .debug_macro   0x0000000000024980       0x1c ./Core/Src/main.o
 .debug_macro   0x000000000002499c      0x12a ./Core/Src/main.o
 .debug_macro   0x0000000000024ac6       0x10 ./Core/Src/main.o
 .debug_macro   0x0000000000024ad6       0x1c ./Core/Src/main.o
 .debug_macro   0x0000000000024af2       0x52 ./Core/Src/main.o
 .debug_macro   0x0000000000024b44       0x22 ./Core/Src/main.o
 .debug_macro   0x0000000000024b66       0x10 ./Core/Src/main.o
 .debug_macro   0x0000000000024b76       0x40 ./Core/Src/main.o
 .debug_macro   0x0000000000024bb6       0xd5 ./Core/Src/main.o
 .debug_macro   0x0000000000024c8b       0x1c ./Core/Src/main.o
 .debug_macro   0x0000000000024ca7       0x3d ./Core/Src/main.o
 .debug_macro   0x0000000000024ce4       0x16 ./Core/Src/main.o
 .debug_macro   0x0000000000024cfa      0x145 ./Core/Src/main.o
 .debug_macro   0x0000000000024e3f       0x16 ./Core/Src/main.o
 .debug_macro   0x0000000000024e55       0x16 ./Core/Src/main.o
 .debug_macro   0x0000000000024e6b       0x29 ./Core/Src/main.o
 .debug_macro   0x0000000000024e94       0x16 ./Core/Src/main.o
 .debug_macro   0x0000000000024eaa       0x20 ./Core/Src/main.o
 .debug_macro   0x0000000000024eca       0x22 ./Core/Src/main.o
 .debug_macro   0x0000000000024eec      0x457 ./Core/Src/my_lcd.o
 .debug_macro   0x0000000000025343      0x285 ./Core/Src/stm32f7xx_hal_msp.o
 .debug_macro   0x00000000000255c8      0x28f ./Core/Src/stm32f7xx_it.o
 .debug_macro   0x0000000000025857       0xff ./Core/Src/sysmem.o
 .debug_macro   0x0000000000025956      0x23b ./Core/Src/sysmem.o
 .debug_macro   0x0000000000025b91      0x214 ./Core/Src/system_stm32f7xx.o
 .debug_macro   0x0000000000025da5      0x238 ./Drivers/STM32F7xx_HAL_Driver/Src/stm32f7xx_hal.o
 .debug_macro   0x0000000000025fdd      0x214 ./Drivers/STM32F7xx_HAL_Driver/Src/stm32f7xx_hal_cortex.o
 .debug_macro   0x00000000000261f1      0x214 ./Drivers/STM32F7xx_HAL_Driver/Src/stm32f7xx_hal_crc.o
 .debug_macro   0x0000000000026405      0x214 ./Drivers/STM32F7xx_HAL_Driver/Src/stm32f7xx_hal_crc_ex.o
 .debug_macro   0x0000000000026619      0x21a ./Drivers/STM32F7xx_HAL_Driver/Src/stm32f7xx_hal_dma.o
 .debug_macro   0x0000000000026833      0x223 ./Drivers/STM32F7xx_HAL_Driver/Src/stm32f7xx_hal_dma2d.o
 .debug_macro   0x0000000000026a56      0x21a ./Drivers/STM32F7xx_HAL_Driver/Src/stm32f7xx_hal_gpio.o
 .debug_macro   0x0000000000026c70      0x2e0 ./Drivers/STM32F7xx_HAL_Driver/Src/stm32f7xx_hal_i2c.o
 .debug_macro   0x0000000000026f50      0x214 ./Drivers/STM32F7xx_HAL_Driver/Src/stm32f7xx_hal_ltdc.o
 .debug_macro   0x0000000000027164      0x22c ./Drivers/STM32F7xx_HAL_Driver/Src/stm32f7xx_hal_pwr_ex.o
 .debug_macro   0x0000000000027390      0x238 ./Drivers/STM32F7xx_HAL_Driver/Src/stm32f7xx_hal_rcc.o
 .debug_macro   0x00000000000275c8      0x214 ./Drivers/STM32F7xx_HAL_Driver/Src/stm32f7xx_hal_rcc_ex.o
 .debug_macro   0x00000000000277dc      0x214 ./Drivers/STM32F7xx_HAL_Driver/Src/stm32f7xx_hal_sdram.o
 .debug_macro   0x00000000000279f0      0x231 ./Drivers/STM32F7xx_HAL_Driver/Src/stm32f7xx_hal_uart.o
 .debug_macro   0x0000000000027c21      0x214 ./Drivers/STM32F7xx_HAL_Driver/Src/stm32f7xx_ll_fmc.o
 .debug_macro   0x0000000000027e35       0x73 ./GUI files/font24.o
 .debug_macro   0x0000000000027ea8       0x7b ./GUI files/ft5336.o
 .debug_macro   0x0000000000027f23      0x241 ./GUI files/stm32746g_discovery.o
 .debug_macro   0x0000000000028164      0x262 ./GUI files/stm32746g_discovery.o
 .debug_macro   0x00000000000283c6      0x25f ./GUI files/stm32746g_discovery_lcd.o
 .debug_macro   0x0000000000028625       0x9a ./GUI files/stm32746g_discovery_lcd.o
 .debug_macro   0x00000000000286bf      0x223 ./GUI files/stm32746g_discovery_sdram.o
 .debug_macro   0x00000000000288e2      0x24a ./GUI files/stm32746g_discovery_ts.o

.debug_line     0x0000000000000000    0x191b6
 .debug_line    0x0000000000000000      0xe36 ./Core/Src/main.o
 .debug_line    0x0000000000000e36      0xe93 ./Core/Src/my_lcd.o
 .debug_line    0x0000000000001cc9      0x8d3 ./Core/Src/stm32f7xx_hal_msp.o
 .debug_line    0x000000000000259c      0x904 ./Core/Src/stm32f7xx_it.o
 .debug_line    0x0000000000002ea0      0x4f8 ./Core/Src/sysmem.o
 .debug_line    0x0000000000003398      0x7d1 ./Core/Src/system_stm32f7xx.o
 .debug_line    0x0000000000003b69       0x88 ./Core/Startup/startup_stm32f746nghx.o
 .debug_line    0x0000000000003bf1      0xa62 ./Drivers/STM32F7xx_HAL_Driver/Src/stm32f7xx_hal.o
 .debug_line    0x0000000000004653      0xce8 ./Drivers/STM32F7xx_HAL_Driver/Src/stm32f7xx_hal_cortex.o
 .debug_line    0x000000000000533b      0xa92 ./Drivers/STM32F7xx_HAL_Driver/Src/stm32f7xx_hal_crc.o
 .debug_line    0x0000000000005dcd      0x804 ./Drivers/STM32F7xx_HAL_Driver/Src/stm32f7xx_hal_crc_ex.o
 .debug_line    0x00000000000065d1      0xfaf ./Drivers/STM32F7xx_HAL_Driver/Src/stm32f7xx_hal_dma.o
 .debug_line    0x0000000000007580     0x11ee ./Drivers/STM32F7xx_HAL_Driver/Src/stm32f7xx_hal_dma2d.o
 .debug_line    0x000000000000876e      0xbd6 ./Drivers/STM32F7xx_HAL_Driver/Src/stm32f7xx_hal_gpio.o
 .debug_line    0x0000000000009344     0x3407 ./Drivers/STM32F7xx_HAL_Driver/Src/stm32f7xx_hal_i2c.o
 .debug_line    0x000000000000c74b     0x174c ./Drivers/STM32F7xx_HAL_Driver/Src/stm32f7xx_hal_ltdc.o
 .debug_line    0x000000000000de97      0x9d7 ./Drivers/STM32F7xx_HAL_Driver/Src/stm32f7xx_hal_pwr_ex.o
 .debug_line    0x000000000000e86e      0xea3 ./Drivers/STM32F7xx_HAL_Driver/Src/stm32f7xx_hal_rcc.o
 .debug_line    0x000000000000f711      0xe5e ./Drivers/STM32F7xx_HAL_Driver/Src/stm32f7xx_hal_rcc_ex.o
 .debug_line    0x000000000001056f      0xc9d ./Drivers/STM32F7xx_HAL_Driver/Src/stm32f7xx_hal_sdram.o
 .debug_line    0x000000000001120c     0x322c ./Drivers/STM32F7xx_HAL_Driver/Src/stm32f7xx_hal_uart.o